Component: ARM Compiler 5.06 update 7 (build 960) Tool: armlink [4d3601]

==============================================================================

Section Cross References

    startup_stm32f405xx.o(STACK) refers (Special) to heapauxi.o(.text) for __use_two_region_memory
    startup_stm32f405xx.o(HEAP) refers (Special) to heapauxi.o(.text) for __use_two_region_memory
    startup_stm32f405xx.o(RESET) refers (Special) to heapauxi.o(.text) for __use_two_region_memory
    startup_stm32f405xx.o(RESET) refers to startup_stm32f405xx.o(STACK) for __initial_sp
    startup_stm32f405xx.o(RESET) refers to startup_stm32f405xx.o(.text) for Reset_Handler
    startup_stm32f405xx.o(RESET) refers to stm32f4xx_it.o(i.NMI_Handler) for NMI_Handler
    startup_stm32f405xx.o(RESET) refers to stm32f4xx_it.o(i.HardFault_Handler) for HardFault_Handler
    startup_stm32f405xx.o(RESET) refers to stm32f4xx_it.o(i.MemManage_Handler) for MemManage_Handler
    startup_stm32f405xx.o(RESET) refers to stm32f4xx_it.o(i.BusFault_Handler) for BusFault_Handler
    startup_stm32f405xx.o(RESET) refers to stm32f4xx_it.o(i.UsageFault_Handler) for UsageFault_Handler
    startup_stm32f405xx.o(RESET) refers to stm32f4xx_it.o(i.SVC_Handler) for SVC_Handler
    startup_stm32f405xx.o(RESET) refers to stm32f4xx_it.o(i.DebugMon_Handler) for DebugMon_Handler
    startup_stm32f405xx.o(RESET) refers to stm32f4xx_it.o(i.PendSV_Handler) for PendSV_Handler
    startup_stm32f405xx.o(RESET) refers to stm32f4xx_it.o(i.SysTick_Handler) for SysTick_Handler
    startup_stm32f405xx.o(RESET) refers to stm32f4xx_it.o(i.DMA1_Stream1_IRQHandler) for DMA1_Stream1_IRQHandler
    startup_stm32f405xx.o(RESET) refers to stm32f4xx_it.o(i.DMA1_Stream3_IRQHandler) for DMA1_Stream3_IRQHandler
    startup_stm32f405xx.o(RESET) refers to stm32f4xx_it.o(i.USART1_IRQHandler) for USART1_IRQHandler
    startup_stm32f405xx.o(RESET) refers to stm32f4xx_it.o(i.USART3_IRQHandler) for USART3_IRQHandler
    startup_stm32f405xx.o(RESET) refers to stm32f4xx_it.o(i.TIM8_BRK_TIM12_IRQHandler) for TIM8_BRK_TIM12_IRQHandler
    startup_stm32f405xx.o(RESET) refers to stm32f4xx_it.o(i.TIM8_UP_TIM13_IRQHandler) for TIM8_UP_TIM13_IRQHandler
    startup_stm32f405xx.o(RESET) refers to stm32f4xx_it.o(i.TIM8_TRG_COM_TIM14_IRQHandler) for TIM8_TRG_COM_TIM14_IRQHandler
    startup_stm32f405xx.o(RESET) refers to stm32f4xx_it.o(i.TIM8_CC_IRQHandler) for TIM8_CC_IRQHandler
    startup_stm32f405xx.o(RESET) refers to stm32f4xx_it.o(i.TIM7_IRQHandler) for TIM7_IRQHandler
    startup_stm32f405xx.o(RESET) refers to stm32f4xx_it.o(i.DMA2_Stream1_IRQHandler) for DMA2_Stream1_IRQHandler
    startup_stm32f405xx.o(RESET) refers to stm32f4xx_it.o(i.DMA2_Stream2_IRQHandler) for DMA2_Stream2_IRQHandler
    startup_stm32f405xx.o(RESET) refers to stm32f4xx_it.o(i.DMA2_Stream6_IRQHandler) for DMA2_Stream6_IRQHandler
    startup_stm32f405xx.o(RESET) refers to stm32f4xx_it.o(i.DMA2_Stream7_IRQHandler) for DMA2_Stream7_IRQHandler
    startup_stm32f405xx.o(RESET) refers to stm32f4xx_it.o(i.USART6_IRQHandler) for USART6_IRQHandler
    startup_stm32f405xx.o(.text) refers (Special) to heapauxi.o(.text) for __use_two_region_memory
    startup_stm32f405xx.o(.text) refers to system_stm32f4xx.o(i.SystemInit) for SystemInit
    startup_stm32f405xx.o(.text) refers to __main.o(!!!main) for __main
    startup_stm32f405xx.o(.text) refers to startup_stm32f405xx.o(HEAP) for Heap_Mem
    startup_stm32f405xx.o(.text) refers to startup_stm32f405xx.o(STACK) for Stack_Mem
    main.o(i.SystemClock_Config) refers to rt_memclr_w.o(.text) for __aeabi_memclr4
    main.o(i.SystemClock_Config) refers to stm32f4xx_hal_rcc.o(i.HAL_RCC_OscConfig) for HAL_RCC_OscConfig
    main.o(i.SystemClock_Config) refers to main.o(i.Error_Handler) for Error_Handler
    main.o(i.SystemClock_Config) refers to stm32f4xx_hal_rcc.o(i.HAL_RCC_ClockConfig) for HAL_RCC_ClockConfig
    main.o(i.main) refers to stm32f4xx_hal.o(i.HAL_Init) for HAL_Init
    main.o(i.main) refers to main.o(i.SystemClock_Config) for SystemClock_Config
    main.o(i.main) refers to gpio.o(i.MX_GPIO_Init) for MX_GPIO_Init
    main.o(i.main) refers to dma.o(i.MX_DMA_Init) for MX_DMA_Init
    main.o(i.main) refers to usart.o(i.MX_USART1_UART_Init) for MX_USART1_UART_Init
    main.o(i.main) refers to usart.o(i.MX_USART3_UART_Init) for MX_USART3_UART_Init
    main.o(i.main) refers to usart.o(i.MX_USART6_UART_Init) for MX_USART6_UART_Init
    main.o(i.main) refers to tim.o(i.MX_TIM7_Init) for MX_TIM7_Init
    main.o(i.main) refers to tim.o(i.MX_TIM8_Init) for MX_TIM8_Init
    main.o(i.main) refers to user_usart.o(i.ZDT_UART_RxStart) for ZDT_UART_RxStart
    main.o(i.main) refers to stm32f4xx_hal.o(i.HAL_Delay) for HAL_Delay
    main.o(i.main) refers to gimbal_drv.o(i.gimbal_init) for gimbal_init
    main.o(i.main) refers to mpu9250_app.o(i.MPU9250_UserInit) for MPU9250_UserInit
    main.o(i.main) refers to zhangdatou.o(i.ZhangDaTou_Enable) for ZhangDaTou_Enable
[...]
    __initial_sp                             0x200018c8   Data           0  startup_stm32f405xx.o(STACK)

    Global Symbols

    Symbol Name                              Value     Ov Type        Size  Object(Section)

    BuildAttributes$$THM_ISAv4$E$P$D$K$B$S$7EM$VFPi3$EXTD16$VFPS$VFMA$PE$A:L22UL41UL21$X:L11$S22US41US21$IEEE1$IW$USESV6$~STKCKD$USESV7$~SHL$OTIME$ROPI$IEEEX$EBA8$UX$STANDARDLIB$REQ8$PRES8$EABIv2 0x00000000   Number         0  anon$$obj.o ABSOLUTE
    __ARM_use_no_argv                        0x00000000   Number         0  main.o ABSOLUTE
    __ARM_exceptions_init                     - Undefined Weak Reference
    __alloca_initialize                       - Undefined Weak Reference
    __arm_fini_                               - Undefined Weak Reference
    __arm_preinit_                            - Undefined Weak Reference
    __cpp_initialize__aeabi_                  - Undefined Weak Reference
    __cxa_finalize                            - Undefined Weak Reference
    __rt_locale                               - Undefined Weak Reference
    __sigvec_lookup                           - Undefined Weak Reference
    _atexit_init                              - Undefined Weak Reference
    _call_atexit_fns                          - Undefined Weak Reference
    _clock_init                               - Undefined Weak Reference
    _fp_trap_init                             - Undefined Weak Reference
    _fp_trap_shutdown                         - Undefined Weak Reference
    _get_lc_collate                           - Undefined Weak Reference
    _get_lc_ctype                             - Undefined Weak Reference
    _get_lc_monetary                          - Undefined Weak Reference
    _get_lc_numeric                           - Undefined Weak Reference
    _get_lc_time                              - Undefined Weak Reference
    _getenv_init                              - Undefined Weak Reference
    _handle_redirection                       - Undefined Weak Reference
    _init_alloc                               - Undefined Weak Reference
    _init_user_alloc                          - Undefined Weak Reference
    _initio                                   - Undefined Weak Reference
    _rand_init                                - Undefined Weak Reference
    _signal_finish                            - Undefined Weak Reference
    _signal_init                              - Undefined Weak Reference
    _terminate_alloc                          - Undefined Weak Reference
    _terminate_user_alloc                     - Undefined Weak Reference
    _terminateio                              - Undefined Weak Reference
    __Vectors_Size                           0x00000188   Number         0  startup_stm32f405xx.o ABSOLUTE
    __Vectors                                0x08000000   Data           4  startup_stm32f405xx.o(RESET)
    __Vectors_End                            0x08000188   Data           0  startup_stm32f405xx.o(RESET)
    __main                                   0x08000189   Thumb Code     8  __main.o(!!!main)
    __scatterload                            0x08000191   Thumb Code     0  __scatter.o(!!!scatter)
    __scatterload_rt2                        0x08000191   Thumb Code    44  __scatter.o(!!!scatter)
    __scatterload_rt2_thumb_only             0x08000191   Thumb Code     0  __scatter.o(!!!scatter)
    __scatterload_null                       0x0800019f   Thumb Code     0  __scatter.o(!!!scatter)
    __scatterload_copy                       0x080001c5   Thumb Code    26  __scatter_copy.o(!!handler_copy)
    __scatterload_zeroinit                   0x080001e1   Thumb Code    28  __scatter_zi.o(!!handler_zi)
    __rt_lib_init                            0x080001fd   Thumb Code     0  libinit.o(.ARM.Collect$$libinit$$00000000)
    __rt_lib_init_fp_1                       0x080001ff   Thumb Code     0  libinit2.o(.ARM.Collect$$libinit$$00000001)
    __rt_lib_init_alloca_1                   0x08000203   Thumb Code     0  libinit2.o(.ARM.Collect$$libinit$$0000002E)
    __rt_lib_init_argv_1                     0x08000203   Thumb Code     0  libinit2.o(.ARM.Collect$$libinit$$0000002C)
    __rt_lib_init_atexit_1                   0x08000203   Thumb Code     0  libinit2.o(.ARM.Collect$$libinit$$0000001B)
    __rt_lib_init_clock_1                    0x08000203   Thumb Code     0  libinit2.o(.ARM.Collect$$libinit$$00000021)
    __rt_lib_init_cpp_1                      0x08000203   Thumb Code     0  libinit2.o(.ARM.Collect$$libinit$$00000032)
    __rt_lib_init_exceptions_1               0x08000203   Thumb Code     0  libinit2.o(.ARM.Collect$$libinit$$00000030)
    __rt_lib_init_fp_trap_1                  0x08000203   Thumb Code     0  libinit2.o(.ARM.Collect$$libinit$$0000001F)
    __rt_lib_init_getenv_1                   0x08000203   Thumb Code     0  libinit2.o(.ARM.Collect$$libinit$$00000023)
    __rt_lib_init_heap_1                     0x08000203   Thumb Code     0  libinit2.o(.ARM.Collect$$libinit$$0000000A)
    __rt_lib_init_lc_collate_1               0x08000203   Thumb Code     0  libinit2.o(.ARM.Collect$$libinit$$00000011)
    __rt_lib_init_lc_ctype_1                 0x08000203   Thumb Code     0  libinit2.o(.ARM.Collect$$libinit$$00000013)
    __rt_lib_init_lc_monetary_1              0x08000203   Thumb Code     0  libinit2.o(.ARM.Collect$$libinit$$00000015)
    __rt_lib_init_lc_numeric_1               0x08000203   Thumb Code     0  libinit2.o(.ARM.Collect$$libinit$$00000017)
    __rt_lib_init_lc_time_1                  0x08000203   Thumb Code     0  libinit2.o(.ARM.Collect$$libinit$$00000019)
    __rt_lib_init_preinit_1                  0x08000203   Thumb Code     0  libinit2.o(.ARM.Collect$$libinit$$00000004)
    __rt_lib_init_rand_1                     0x08000203   Thumb Code     0  libinit2.o(.ARM.Collect$$libinit$$0000000E)
    __rt_lib_init_return                     0x08000203   Thumb Code     0  libinit2.o(.ARM.Collect$$libinit$$00000033)
    __rt_lib_init_signal_1                   0x08000203   Thumb Code     0  libinit2.o(.ARM.Collect$$libinit$$0000001D)
    __rt_lib_init_stdio_1                    0x08000203   Thumb Code     0  libinit2.o(.ARM.Collect$$libinit$$00000025)
    __rt_lib_init_user_alloc_1               0x08000203   Thumb Code     0  libinit2.o(.ARM.Collect$$libinit$$0000000C)
    __rt_lib_shutdown                        0x08000205   Thumb Code     0  libshutdown.o(.ARM.Collect$$libshutdown$$00000000)
    __rt_lib_shutdown_cpp_1                  0x08000207   Thumb Code     0  libshutdown2.o(.ARM.Collect$$libshutdown$$00000004)
    __rt_lib_shutdown_fini_1                 0x08000207   Thumb Code     0  libshutdown2.o(.ARM.Collect$$libshutdown$$00000002)
    __rt_lib_shutdown_fp_trap_1              0x08000207   Thumb Code     0  libshutdown2.o(.ARM.Collect$$libshutdown$$00000009)
    __rt_lib_shutdown_heap_1                 0x08000207   Thumb Code     0  libshutdown2.o(.ARM.Collect$$libshutdown$$00000011)
    __rt_lib_shutdown_return                 0x08000207   Thumb Code     0  libshutdown2.o(.ARM.Collect$$libshutdown$$00000012)
    __rt_lib_shutdown_signal_1               0x08000207   Thumb Code     0  libshutdown2.o(.ARM.Collect$$libshutdown$$0000000C)
    __rt_lib_shutdown_stdio_1                0x08000207   Thumb Code     0  libshutdown2.o(.ARM.Collect$$libshutdown$$00000006)
    __rt_lib_shutdown_user_alloc_1           0x08000207   Thumb Code     0  libshutdown2.o(.ARM.Collect$$libshutdown$$0000000E)
    __rt_entry                               0x08000209   Thumb Code     0  __rtentry.o(.ARM.Collect$$rtentry$$00000000)
    __rt_entry_presh_1                       0x08000209   Thumb Code     0  __rtentry2.o(.ARM.Collect$$rtentry$$00000002)
    __rt_entry_sh                            0x08000209   Thumb Code     0  __rtentry4.o(.ARM.Collect$$rtentry$$00000004)
    __rt_entry_li                            0x0800020f   Thumb Code     0  __rtentry2.o(.ARM.Collect$$rtentry$$0000000A)
    __rt_entry_postsh_1                      0x0800020f   Thumb Code     0  __rtentry2.o(.ARM.Collect$$rtentry$$00000009)
    __rt_entry_main                          0x08000213   Thumb Code     0  __rtentry2.o(.ARM.Collect$$rtentry$$0000000D)
    __rt_entry_postli_1                      0x08000213   Thumb Code     0  __rtentry2.o(.ARM.Collect$$rtentry$$0000000C)
    __rt_exit                                0x0800021b   Thumb Code     0  rtexit.o(.ARM.Collect$$rtexit$$00000000)
    __rt_exit_ls                             0x0800021d   Thumb Code     0  rtexit2.o(.ARM.Collect$$rtexit$$00000003)
    __rt_exit_prels_1                        0x0800021d   Thumb Code     0  rtexit2.o(.ARM.Collect$$rtexit$$00000002)
    __rt_exit_exit                           0x08000221   Thumb Code     0  rtexit2.o(.ARM.Collect$$rtexit$$00000004)
    Reset_Handler                            0x08000229   Thumb Code     8  startup_stm32f405xx.o(.text)
    ADC_IRQHandler                           0x08000243   Thumb Code     0  startup_stm32f405xx.o(.text)
    CAN1_RX0_IRQHandler                      0x08000243   Thumb Code     0  startup_stm32f405xx.o(.text)
    CAN1_RX1_IRQHandler                      0x08000243   Thumb Code     0  startup_stm32f405xx.o(.text)
    CAN1_SCE_IRQHandler                      0x08000243   Thumb Code     0  startup_stm32f405xx.o(.text)
    CAN1_TX_IRQHandler                       0x08000243   Thumb Code     0  startup_stm32f405xx.o(.text)
    CAN2_RX0_IRQHandler                      0x08000243   Thumb Code     0  startup_stm32f405xx.o(.text)
    CAN2_RX1_IRQHandler                      0x08000243   Thumb Code     0  startup_stm32f405xx.o(.text)
    CAN2_SCE_IRQHandler                      0x08000243   Thumb Code     0  startup_stm32f405xx.o(.text)
    CAN2_TX_IRQHandler                       0x08000243   Thumb Code     0  startup_stm32f405xx.o(.text)
    DMA1_Stream0_IRQHandler                  0x08000243   Thumb Code     0  startup_stm32f405xx.o(.text)
    DMA1_Stream2_IRQHandler                  0x08000243   Thumb Code     0  startup_stm32f405xx.o(.text)
    DMA1_Stream4_IRQHandler                  0x08000243   Thumb Code     0  startup_stm32f405xx.o(.text)
    DMA1_Stream5_IRQHandler                  0x08000243   Thumb Code     0  startup_stm32f405xx.o(.text)
    DMA1_Stream6_IRQHandler                  0x08000243   Thumb Code     0  startup_stm32f405xx.o(.text)
    DMA1_Stream7_IRQHandler                  0x08000243   Thumb Code     0  startup_stm32f405xx.o(.text)
    DMA2_Stream0_IRQHandler                  0x08000243   Thumb Code     0  startup_stm32f405xx.o(.text)
    DMA2_Stream3_IRQHandler                  0x08000243   Thumb Code     0  startup_stm32f405xx.o(.text)
    DMA2_Stream4_IRQHandler                  0x08000243   Thumb Code     0  startup_stm32f405xx.o(.text)
    DMA2_Stream5_IRQHandler                  0x08000243   Thumb Code     0  startup_stm32f405xx.o(.text)
    EXTI0_IRQHandler                         0x08000243   Thumb Code     0  startup_stm32f405xx.o(.text)
    EXTI15_10_IRQHandler                     0x08000243   Thumb Code     0  startup_stm32f405xx.o(.text)
    EXTI1_IRQHandler                         0x08000243   Thumb Code     0  startup_stm32f405xx.o(.text)
    EXTI2_IRQHandler                         0x08000243   Thumb Code     0  startup_stm32f405xx.o(.text)
    EXTI3_IRQHandler                         0x08000243   Thumb Code     0  startup_stm32f405xx.o(.text)
    EXTI4_IRQHandler                         0x08000243   Thumb Code     0  startup_stm32f405xx.o(.text)
    EXTI9_5_IRQHandler                       0x08000243   Thumb Code     0  startup_stm32f405xx.o(.text)
    FLASH_IRQHandler                         0x08000243   Thumb Code     0  startup_stm32f405xx.o(.text)
    FMC_IRQHandler                           0x08000243   Thumb Code     0  startup_stm32f405xx.o(.text)
    FPU_IRQHandler                           0x08000243   Thumb Code     0  startup_stm32f405xx.o(.text)
    HASH_RNG_IRQHandler                      0x08000243   Thumb Code     0  startup_stm32f405xx.o(.text)
    I2C1_ER_IRQHandler                       0x08000243   Thumb Code     0  startup_stm32f405xx.o(.text)
    I2C1_EV_IRQHandler                       0x08000243   Thumb Code     0  startup_stm32f405xx.o(.text)
    I2C2_ER_IRQHandler                       0x08000243   Thumb Code     0  startup_stm32f405xx.o(.text)
    I2C2_EV_IRQHandler                       0x08000243   Thumb Code     0  startup_stm32f405xx.o(.text)
    I2C3_ER_IRQHandler                       0x08000243   Thumb Code     0  startup_stm32f405xx.o(.text)
    I2C3_EV_IRQHandler                       0x08000243   Thumb Code     0  startup_stm32f405xx.o(.text)
    OTG_FS_IRQHandler                        0x08000243   Thumb Code     0  startup_stm32f405xx.o(.text)
    OTG_FS_WKUP_IRQHandler                   0x08000243   Thumb Code     0  startup_stm32f405xx.o(.text)
    OTG_HS_EP1_IN_IRQHandler                 0x08000243   Thumb Code     0  startup_stm32f405xx.o(.text)
    OTG_HS_EP1_OUT_IRQHandler                0x08000243   Thumb Code     0  startup_stm32f405xx.o(.text)
    OTG_HS_IRQHandler                        0x08000243   Thumb Code     0  startup_stm32f405xx.o(.text)
    OTG_HS_WKUP_IRQHandler                   0x08000243   Thumb Code     0  startup_stm32f405xx.o(.text)
    PVD_IRQHandler                           0x08000243   Thumb Code     0  startup_stm32f405xx.o(.text)
    RCC_IRQHandler                           0x08000243   Thumb Code     0  startup_stm32f405xx.o(.text)
    RTC_Alarm_IRQHandler                     0x08000243   Thumb Code     0  startup_stm32f405xx.o(.text)
    RTC_WKUP_IRQHandler                      0x08000243   Thumb Code     0  startup_stm32f405xx.o(.text)
    SDIO_IRQHandler                          0x08000243   Thumb Code     0  startup_stm32f405xx.o(.text)
    SPI1_IRQHandler                          0x08000243   Thumb Code     0  startup_stm32f405xx.o(.text)
    SPI2_IRQHandler                          0x08000243   Thumb Code     0  startup_stm32f405xx.o(.text)
    SPI3_IRQHandler                          0x08000243   Thumb Code     0  startup_stm32f405xx.o(.text)
    TAMP_STAMP_IRQHandler                    0x08000243   Thumb Code     0  startup_stm32f405xx.o(.text)
    TIM1_BRK_TIM9_IRQHandler                 0x08000243   Thumb Code     0  startup_stm32f405xx.o(.text)
    TIM1_CC_IRQHandler                       0x08000243   Thumb Code     0  startup_stm32f405xx.o(.text)
    TIM1_TRG_COM_TIM11_IRQHandler            0x08000243   Thumb Code     0  startup_stm32f405xx.o(.text)
    TIM1_UP_TIM10_IRQHandler                 0x08000243   Thumb Code     0  startup_stm32f405xx.o(.text)
    TIM2_IRQHandler                          0x08000243   Thumb Code     0  startup_stm32f405xx.o(.text)
    TIM3_IRQHandler                          0x08000243   Thumb Code     0  startup_stm32f405xx.o(.text)
    TIM4_IRQHandler                          0x08000243   Thumb Code     0  startup_stm32f405xx.o(.text)
    TIM5_IRQHandler                          0x08000243   Thumb Code     0  startup_stm32f405xx.o(.text)
    TIM6_DAC_IRQHandler                      0x08000243   Thumb Code     0  startup_stm32f405xx.o(.text)
    UART4_IRQHandler                         0x08000243   Thumb Code     0  startup_stm32f405xx.o(.text)
    UART5_IRQHandler                         0x08000243   Thumb Code     0  startup_stm32f405xx.o(.text)
    USART2_IRQHandler                        0x08000243   Thumb Code     0  startup_stm32f405xx.o(.text)
    WWDG_IRQHandler                          0x08000243   Thumb Code     0  startup_stm32f405xx.o(.text)
    __user_initial_stackheap                 0x08000245   Thumb Code     0  startup_stm32f405xx.o(.text)
    __aeabi_uldivmod                         0x08000269   Thumb Code     0  lludivv7m.o(.text)
    _ll_udiv                                 0x08000269   Thumb Code   238  lludivv7m.o(.text)
    __aeabi_ldivmod                          0x08000357   Thumb Code     0  llsdiv.o(.text)
    _ll_sdiv                                 0x08000357   Thumb Code    72  llsdiv.o(.text)
    memcmp                                   0x0800039f   Thumb Code    88  memcmp.o(.text)
    __aeabi_memset                           0x080003f7   Thumb Code    16  aeabi_memset.o(.text)
    __aeabi_memclr4                          0x08000407   Thumb Code     0  rt_memclr_w.o(.text)
    __aeabi_memclr8                          0x08000407   Thumb Code     0  rt_memclr_w.o(.text)
    __rt_memclr_w                            0x08000407   Thumb Code    78  rt_memclr_w.o(.text)
    _memset_w                                0x0800040b   Thumb Code     0  rt_memclr_w.o(.text)
    __use_two_region_memory                  0x08000455   Thumb Code     2  heapauxi.o(.text)
    __rt_heap_escrow$2region                 0x08000457   Thumb Code     2  heapauxi.o(.text)
    __rt_heap_expand$2region                 0x08000459   Thumb Code     2  heapauxi.o(.text)
    __read_errno                             0x0800045b   Thumb Code    10  _rserrno.o(.text)
    __set_errno                              0x08000465   Thumb Code    12  _rserrno.o(.text)
    __aeabi_memclr                           0x08000471   Thumb Code     0  rt_memclr.o(.text)
    __rt_memclr                              0x08000471   Thumb Code    68  rt_memclr.o(.text)
    _memset                                  0x08000475   Thumb Code     0  rt_memclr.o(.text)
    __aeabi_errno_addr                       0x080004b5   Thumb Code     8  rt_errno_addr_intlibspace.o(.text)
    __errno$intlibspace                      0x080004b5   Thumb Code     0  rt_errno_addr_intlibspace.o(.text)
    __rt_errno_addr$intlibspace              0x080004b5   Thumb Code     0  rt_errno_addr_intlibspace.o(.text)
    __user_libspace                          0x080004bd   Thumb Code     8  libspace.o(.text)
    __user_perproc_libspace                  0x080004bd   Thumb Code     0  libspace.o(.text)
    __user_perthread_libspace                0x080004bd   Thumb Code     0  libspace.o(.text)
    __user_setup_stackheap                   0x080004c5   Thumb Code    74  sys_stackheap_outer.o(.text)
    exit                                     0x0800050f   Thumb Code    18  exit.o(.text)
    _sys_exit                                0x08000521   Thumb Code     8  sys_exit.o(.text)
    __I$use$semihosting                      0x0800052d   Thumb Code     0  use_no_semi.o(.text)
    __use_no_semihosting_swi                 0x0800052d   Thumb Code     2  use_no_semi.o(.text)
    BusFault_Handler                         0x0800052f   Thumb Code     4  stm32f4xx_it.o(i.BusFault_Handler)
    __semihosting_library_function           0x0800052f   Thumb Code     0  indicate_semi.o(.text)
    DMA1_Stream1_IRQHandler                  0x08000535   Thumb Code    10  stm32f4xx_it.o(i.DMA1_Stream1_IRQHandler)
    DMA1_Stream3_IRQHandler                  0x08000545   Thumb Code    10  stm32f4xx_it.o(i.DMA1_Stream3_IRQHandler)
    DMA2_Stream1_IRQHandler                  0x08000555   Thumb Code    10  stm32f4xx_it.o(i.DMA2_Stream1_IRQHandler)
    DMA2_Stream2_IRQHandler                  0x08000565   Thumb Code    10  stm32f4xx_it.o(i.DMA2_Stream2_IRQHandler)
    DMA2_Stream6_IRQHandler                  0x08000575   Thumb Code    10  stm32f4xx_it.o(i.DMA2_Stream6_IRQHandler)
    DMA2_Stream7_IRQHandler                  0x08000585   Thumb Code    10  stm32f4xx_it.o(i.DMA2_Stream7_IRQHandler)
    DebugMon_Handler                         0x0800069f   Thumb Code     2  stm32f4xx_it.o(i.DebugMon_Handler)
    Error_Handler                            0x080006a1   Thumb Code     6  main.o(i.Error_Handler)
    HAL_DMA_Abort                            0x080006a7   Thumb Code   172  stm32f4xx_hal_dma.o(i.HAL_DMA_Abort)
    HAL_DMA_Abort_IT                         0x08000753   Thumb Code    40  stm32f4xx_hal_dma.o(i.HAL_DMA_Abort_IT)
    HAL_DMA_GetError                         0x0800077b   Thumb Code     6  stm32f4xx_hal_dma.o(i.HAL_DMA_GetError)
    HAL_DMA_IRQHandler                       0x08000781   Thumb Code   570  stm32f4xx_hal_dma.o(i.HAL_DMA_IRQHandler)
    HAL_DMA_Init                             0x080009c1   Thumb Code   232  stm32f4xx_hal_dma.o(i.HAL_DMA_Init)
    HAL_DMA_Start_IT                         0x08000aad   Thumb Code   146  stm32f4xx_hal_dma.o(i.HAL_DMA_Start_IT)
    HAL_Delay                                0x08000b41   Thumb Code    36  stm32f4xx_hal.o(i.HAL_Delay)
    HAL_GPIO_Init                            0x08000b69   Thumb Code   454  stm32f4xx_hal_gpio.o(i.HAL_GPIO_Init)
    HAL_GPIO_ReadPin                         0x08000d5d   Thumb Code    16  stm32f4xx_hal_gpio.o(i.HAL_GPIO_ReadPin)
    HAL_GPIO_WritePin                        0x08000d6d   Thumb Code    12  stm32f4xx_hal_gpio.o(i.HAL_GPIO_WritePin)
    HAL_GetTick                              0x08000d79   Thumb Code     6  stm32f4xx_hal.o(i.HAL_GetTick)
    HAL_IncTick                              0x08000d85   Thumb Code    16  stm32f4xx_hal.o(i.HAL_IncTick)
    HAL_Init                                 0x08000d9d   Thumb Code    54  stm32f4xx_hal.o(i.HAL_Init)
    HAL_InitTick                             0x08000dd9   Thumb Code    64  stm32f4xx_hal.o(i.HAL_InitTick)
    HAL_MspInit                              0x08000e25   Thumb Code    68  stm32f4xx_hal_msp.o(i.HAL_MspInit)
    HAL_NVIC_EnableIRQ                       0x08000e6d   Thumb Code    40  stm32f4xx_hal_cortex.o(i.HAL_NVIC_EnableIRQ)
    HAL_NVIC_SetPriority                     0x08000e95   Thumb Code   124  stm32f4xx_hal_cortex.o(i.HAL_NVIC_SetPriority)
    HAL_NVIC_SetPriorityGrouping             0x08000f11   Thumb Code    32  stm32f4xx_hal_cortex.o(i.HAL_NVIC_SetPriorityGrouping)
    HAL_RCC_ClockConfig                      0x08000f39   Thumb Code   368  stm32f4xx_hal_rcc.o(i.HAL_RCC_ClockConfig)
    HAL_RCC_GetHCLKFreq                      0x080010bd   Thumb Code     6  stm32f4xx_hal_rcc.o(i.HAL_RCC_GetHCLKFreq)
    HAL_RCC_GetPCLK1Freq                     0x080010c9   Thumb Code    22  stm32f4xx_hal_rcc.o(i.HAL_RCC_GetPCLK1Freq)
    HAL_RCC_GetPCLK2Freq                     0x080010e9   Thumb Code    22  stm32f4xx_hal_rcc.o(i.HAL_RCC_GetPCLK2Freq)
    HAL_RCC_GetSysClockFreq                  0x08001109   Thumb Code   162  stm32f4xx_hal_rcc.o(i.HAL_RCC_GetSysClockFreq)
    HAL_RCC_OscConfig                        0x080011b9   Thumb Code  1172  stm32f4xx_hal_rcc.o(i.HAL_RCC_OscConfig)
    HAL_SYSTICK_Config                       0x08001655   Thumb Code    52  stm32f4xx_hal_cortex.o(i.HAL_SYSTICK_Config)
    HAL_TIMEx_BreakCallback                  0x08001689   Thumb Code     2  stm32f4xx_hal_tim_ex.o(i.HAL_TIMEx_BreakCallback)
    HAL_TIMEx_CommutCallback                 0x0800168b   Thumb Code     2  stm32f4xx_hal_tim_ex.o(i.HAL_TIMEx_CommutCallback)
    HAL_TIMEx_MasterConfigSynchronization    0x0800168d   Thumb Code   150  stm32f4xx_hal_tim_ex.o(i.HAL_TIMEx_MasterConfigSynchronization)
    HAL_TIM_Base_Init                        0x08001741   Thumb Code   102  stm32f4xx_hal_tim.o(i.HAL_TIM_Base_Init)
    HAL_TIM_Base_MspInit                     0x080017a9   Thumb Code   172  tim.o(i.HAL_TIM_Base_MspInit)
    HAL_TIM_Base_Start_IT                    0x08001861   Thumb Code   138  stm32f4xx_hal_tim.o(i.HAL_TIM_Base_Start_IT)
    HAL_TIM_ConfigClockSource                0x08001909   Thumb Code   268  stm32f4xx_hal_tim.o(i.HAL_TIM_ConfigClockSource)
    HAL_TIM_IC_CaptureCallback               0x08001a15   Thumb Code     2  stm32f4xx_hal_tim.o(i.HAL_TIM_IC_CaptureCallback)
    HAL_TIM_IRQHandler                       0x08001a17   Thumb Code   364  stm32f4xx_hal_tim.o(i.HAL_TIM_IRQHandler)
    HAL_TIM_OC_DelayElapsedCallback          0x08001b83   Thumb Code     2  stm32f4xx_hal_tim.o(i.HAL_TIM_OC_DelayElapsedCallback)
    HAL_TIM_PWM_PulseFinishedCallback        0x08001b85   Thumb Code     2  stm32f4xx_hal_tim.o(i.HAL_TIM_PWM_PulseFinishedCallback)
    HAL_TIM_PeriodElapsedCallback            0x08001b89   Thumb Code    76  user_tim.o(i.HAL_TIM_PeriodElapsedCallback)
    HAL_TIM_TriggerCallback                  0x08001be9   Thumb Code     2  stm32f4xx_hal_tim.o(i.HAL_TIM_TriggerCallback)
    HAL_UARTEx_ReceiveToIdle_DMA             0x08001beb   Thumb Code   112  stm32f4xx_hal_uart.o(i.HAL_UARTEx_ReceiveToIdle_DMA)
    HAL_UARTEx_RxEventCallback               0x08001c5d   Thumb Code    88  user_usart.o(i.HAL_UARTEx_RxEventCallback)
    HAL_UART_AbortReceive                    0x08001cd9   Thumb Code   196  stm32f4xx_hal_uart.o(i.HAL_UART_AbortReceive)
    HAL_UART_ErrorCallback                   0x08001d9d   Thumb Code    12  user_usart.o(i.HAL_UART_ErrorCallback)
    HAL_UART_IRQHandler                      0x08001da9   Thumb Code   772  stm32f4xx_hal_uart.o(i.HAL_UART_IRQHandler)
    HAL_UART_Init                            0x080020b1   Thumb Code   118  stm32f4xx_hal_uart.o(i.HAL_UART_Init)
    HAL_UART_MspInit                         0x08002129   Thumb Code   766  usart.o(i.HAL_UART_MspInit)
    HAL_UART_Receive                         0x08002465   Thumb Code   194  stm32f4xx_hal_uart.o(i.HAL_UART_Receive)
    HAL_UART_RxCpltCallback                  0x08002527   Thumb Code     2  stm32f4xx_hal_uart.o(i.HAL_UART_RxCpltCallback)
    HAL_UART_RxHalfCpltCallback              0x08002529   Thumb Code     2  stm32f4xx_hal_uart.o(i.HAL_UART_RxHalfCpltCallback)
    HAL_UART_Transmit                        0x0800252b   Thumb Code   190  stm32f4xx_hal_uart.o(i.HAL_UART_Transmit)
    HAL_UART_Transmit_DMA                    0x080025e9   Thumb Code   144  stm32f4xx_hal_uart.o(i.HAL_UART_Transmit_DMA)
    HAL_UART_TxCpltCallback                  0x08002685   Thumb Code     2  stm32f4xx_hal_uart.o(i.HAL_UART_TxCpltCallback)
    HAL_UART_TxHalfCpltCallback              0x08002687   Thumb Code     2  stm32f4xx_hal_uart.o(i.HAL_UART_TxHalfCpltCallback)
    HardFault_Handler                        0x08002689   Thumb Code     4  stm32f4xx_it.o(i.HardFault_Handler)
    MPU9250_Update10ms                       0x0800268d   Thumb Code   150  mpu9250_app.o(i.MPU9250_Update10ms)
    MPU9250_UserInit                         0x0800272d   Thumb Code    32  mpu9250_app.o(i.MPU9250_UserInit)
    MPU_Get_Accelerometer                    0x08002751   Thumb Code    80  mpu9250.o(i.MPU_Get_Accelerometer)
    MPU_Get_Gyroscope                        0x080027a1   Thumb Code    80  mpu9250.o(i.MPU_Get_Gyroscope)
    MPU_IIC_Ack                              0x080027f1   Thumb Code    68  mpuiic.o(i.MPU_IIC_Ack)
    MPU_IIC_Delay                            0x08002839   Thumb Code    14  mpuiic.o(i.MPU_IIC_Delay)
    MPU_IIC_Init                             0x08002847   Thumb Code     2  mpuiic.o(i.MPU_IIC_Init)
    MPU_IIC_NAck                             0x08002849   Thumb Code    68  mpuiic.o(i.MPU_IIC_NAck)
    MPU_IIC_Read_Byte                        0x08002891   Thumb Code    92  mpuiic.o(i.MPU_IIC_Read_Byte)
    MPU_IIC_Send_Byte                        0x080028f1   Thumb Code   102  mpuiic.o(i.MPU_IIC_Send_Byte)
    MPU_IIC_Start                            0x0800295d   Thumb Code    68  mpuiic.o(i.MPU_IIC_Start)
    MPU_IIC_Stop                             0x080029a5   Thumb Code    68  mpuiic.o(i.MPU_IIC_Stop)
    MPU_IIC_Wait_Ack                         0x080029ed   Thumb Code    88  mpuiic.o(i.MPU_IIC_Wait_Ack)
    MPU_Read_Len                             0x08002a49   Thumb Code   116  mpu9250.o(i.MPU_Read_Len)
    MPU_Write_Len                            0x08002abd   Thumb Code    96  mpu9250.o(i.MPU_Write_Len)
    MX_DMA_Init                              0x08002b1d   Thumb Code   162  dma.o(i.MX_DMA_Init)
    MX_GPIO_Init                             0x08002bc5   Thumb Code   224  gpio.o(i.MX_GPIO_Init)
    MX_TIM7_Init                             0x08002cb1   Thumb Code    66  tim.o(i.MX_TIM7_Init)
    MX_TIM8_Init                             0x08002cfd   Thumb Code   104  tim.o(i.MX_TIM8_Init)
    MX_USART1_UART_Init                      0x08002d6d   Thumb Code    46  usart.o(i.MX_USART1_UART_Init)
    MX_USART3_UART_Init                      0x08002da5   Thumb Code    46  usart.o(i.MX_USART3_UART_Init)
    MX_USART6_UART_Init                      0x08002ddd   Thumb Code    46  usart.o(i.MX_USART6_UART_Init)
    MemManage_Handler                        0x08002e15   Thumb Code     4  stm32f4xx_it.o(i.MemManage_Handler)
    NMI_Handler                              0x08002e19   Thumb Code     4  stm32f4xx_it.o(i.NMI_Handler)
    PendSV_Handler                           0x08002e1d   Thumb Code     2  stm32f4xx_it.o(i.PendSV_Handler)
    SVC_Handler                              0x08002e1f   Thumb Code     2  stm32f4xx_it.o(i.SVC_Handler)
    SysTick_Handler                          0x08002e21   Thumb Code     8  stm32f4xx_it.o(i.SysTick_Handler)
    SystemClock_Config                       0x08002e29   Thumb Code   170  main.o(i.SystemClock_Config)
    SystemInit                               0x08002edd   Thumb Code    14  system_stm32f4xx.o(i.SystemInit)
    TIM7_IRQHandler                          0x08002ef1   Thumb Code    10  stm32f4xx_it.o(i.TIM7_IRQHandler)
    TIM8_BRK_TIM12_IRQHandler                0x08002f01   Thumb Code    10  stm32f4xx_it.o(i.TIM8_BRK_TIM12_IRQHandler)
    TIM8_CC_IRQHandler                       0x08002f11   Thumb Code    10  stm32f4xx_it.o(i.TIM8_CC_IRQHandler)
    TIM8_TRG_COM_TIM14_IRQHandler            0x08002f21   Thumb Code    10  stm32f4xx_it.o(i.TIM8_TRG_COM_TIM14_IRQHandler)
    TIM8_UP_TIM13_IRQHandler                 0x08002f31   Thumb Code    10  stm32f4xx_it.o(i.TIM8_UP_TIM13_IRQHandler)
    TIM_Base_SetConfig                       0x08002f41   Thumb Code   178  stm32f4xx_hal_tim.o(i.TIM_Base_SetConfig)
    TIM_ETR_SetConfig                        0x08003021   Thumb Code    22  stm32f4xx_hal_tim.o(i.TIM_ETR_SetConfig)
    UART_Start_Receive_DMA                   0x08003611   Thumb Code   202  stm32f4xx_hal_uart.o(i.UART_Start_Receive_DMA)
    USART1_IRQHandler                        0x080037d5   Thumb Code    10  stm32f4xx_it.o(i.USART1_IRQHandler)
    USART3_IRQHandler                        0x080037e5   Thumb Code    10  stm32f4xx_it.o(i.USART3_IRQHandler)
    USART6_IRQHandler                        0x080037f5   Thumb Code    10  stm32f4xx_it.o(i.USART6_IRQHandler)
    UsageFault_Handler                       0x08003805   Thumb Code     4  stm32f4xx_it.o(i.UsageFault_Handler)
    User_TIM_Init                            0x08003809   Thumb Code    16  user_tim.o(i.User_TIM_Init)
    X_V2_Traj_Pos_Control_UART               0x080038c9   Thumb Code   214  x_v2.o(i.X_V2_Traj_Pos_Control_UART)
    X_V2_Vel_Control_UART                    0x080039c5   Thumb Code   132  x_v2.o(i.X_V2_Vel_Control_UART)
    ZDT_UART_RxStart                         0x08003bed   Thumb Code    28  user_usart.o(i.ZDT_UART_RxStart)
    ZhangDaTou_Control                       0x08003c45   Thumb Code   216  zhangdatou.o(i.ZhangDaTou_Control)
    ZhangDaTou_DataParm                      0x08003d21   Thumb Code   228  zhangdatou.o(i.ZhangDaTou_DataParm)
    ZhangDaTou_Enable                        0x08003e51   Thumb Code    52  zhangdatou.o(i.ZhangDaTou_Enable)
    ZhangDaTou_Speedctr                      0x08003ed9   Thumb Code    22  zhangdatou.o(i.ZhangDaTou_Speedctr)
    ZhangDaTou_StartPosFeedback              0x08003ef1   Thumb Code    76  zhangdatou.o(i.ZhangDaTou_StartPosFeedback)
    __ARM_fpclassify                         0x08003f41   Thumb Code    48  fpclassify.o(i.__ARM_fpclassify)
    __hardfp_asin                            0x08003fa9   Thumb Code   770  asin.o(i.__hardfp_asin)
    __hardfp_atan                            0x08004309   Thumb Code   622  atan.o(i.__hardfp_atan)
    __hardfp_atan2                           0x080045e1   Thumb Code   448  atan2.o(i.__hardfp_atan2)
    __hardfp_fabs                            0x080047e1   Thumb Code    20  fabs.o(i.__hardfp_fabs)
    __kernel_poly                            0x080047f5   Thumb Code   248  poly.o(i.__kernel_poly)
    __mathlib_dbl_infnan                     0x080048ed   Thumb Code    20  dunder.o(i.__mathlib_dbl_infnan)
    __mathlib_dbl_infnan2                    0x08004901   Thumb Code    20  dunder.o(i.__mathlib_dbl_infnan2)
    __mathlib_dbl_invalid                    0x08004919   Thumb Code    24  dunder.o(i.__mathlib_dbl_invalid)
    __mathlib_dbl_underflow                  0x08004939   Thumb Code    24  dunder.o(i.__mathlib_dbl_underflow)
    atan                                     0x08004959   Thumb Code    16  atan.o(i.atan)
    camera_data_update                       0x08004969   Thumb Code   120  gimbal_calc.o(i.camera_data_update)
    camera_x_pid_ctrl                        0x080049ed   Thumb Code    76  gimbal_drv.o(i.camera_x_pid_ctrl)
    camera_y_pid_ctrl                        0x08004a3d   Thumb Code   152  gimbal_drv.o(i.camera_y_pid_ctrl)
    dmp_enable_6x_lp_quat                    0x08004b45   Thumb Code    60  inv_mpu_dmp_motion_driver.o(i.dmp_enable_6x_lp_quat)
    dmp_enable_feature                       0x08004b81   Thumb Code   530  inv_mpu_dmp_motion_driver.o(i.dmp_enable_feature)
    dmp_enable_gyro_cal                      0x08004d9d   Thumb Code    62  inv_mpu_dmp_motion_driver.o(i.dmp_enable_gyro_cal)
    dmp_enable_lp_quat                       0x08004df5   Thumb Code    60  inv_mpu_dmp_motion_driver.o(i.dmp_enable_lp_quat)
    dmp_load_motion_driver_firmware          0x08004e31   Thumb Code    20  inv_mpu_dmp_motion_driver.o(i.dmp_load_motion_driver_firmware)
    dmp_read_fifo                            0x08004e49   Thumb Code   456  inv_mpu_dmp_motion_driver.o(i.dmp_read_fifo)
    dmp_set_accel_bias                       0x08005015   Thumb Code   300  inv_mpu_dmp_motion_driver.o(i.dmp_set_accel_bias)
    dmp_set_fifo_rate                        0x08005145   Thumb Code    96  inv_mpu_dmp_motion_driver.o(i.dmp_set_fifo_rate)
    dmp_set_gyro_bias                        0x080051b5   Thumb Code   294  inv_mpu_dmp_motion_driver.o(i.dmp_set_gyro_bias)
    dmp_set_orientation                      0x080052e5   Thumb Code   290  inv_mpu_dmp_motion_driver.o(i.dmp_set_orientation)
    dmp_set_shake_reject_thresh              0x0800541d   Thumb Code    56  inv_mpu_dmp_motion_driver.o(i.dmp_set_shake_reject_thresh)
    dmp_set_shake_reject_time                0x08005455   Thumb Code    38  inv_mpu_dmp_motion_driver.o(i.dmp_set_shake_reject_time)
    dmp_set_shake_reject_timeout             0x0800547b   Thumb Code    38  inv_mpu_dmp_motion_driver.o(i.dmp_set_shake_reject_timeout)
    dmp_set_tap_axes                         0x080054a1   Thumb Code    70  inv_mpu_dmp_motion_driver.o(i.dmp_set_tap_axes)
    dmp_set_tap_count                        0x080054e7   Thumb Code    38  inv_mpu_dmp_motion_driver.o(i.dmp_set_tap_count)
    dmp_set_tap_thresh                       0x0800550d   Thumb Code   412  inv_mpu_dmp_motion_driver.o(i.dmp_set_tap_thresh)
    dmp_set_tap_time                         0x080056cd   Thumb Code    38  inv_mpu_dmp_motion_driver.o(i.dmp_set_tap_time)
    dmp_set_tap_time_multi                   0x080056f3   Thumb Code    38  inv_mpu_dmp_motion_driver.o(i.dmp_set_tap_time_multi)
    fabs                                     0x08005719   Thumb Code    24  fabs.o(i.fabs)
    gimbal_init                              0x08005b9d   Thumb Code    12  gimbal_drv.o(i.gimbal_init)
    gimbal_task_state                        0x08005ba9   Thumb Code   414  gimbal_ctrl.o(i.gimbal_task_state)
    inv_orientation_matrix_to_scalar         0x08005d79   Thumb Code    40  inv_mpu.o(i.inv_orientation_matrix_to_scalar)
    inv_row_2_scale                          0x08005da1   Thumb Code    78  inv_mpu.o(i.inv_row_2_scale)
    key_init                                 0x08005df1   Thumb Code    30  key.o(i.key_init)
    key_update                               0x08005e21   Thumb Code    32  key.o(i.key_update)
    main                                     0x08005e41   Thumb Code   184  main.o(i.main)
    menu_init                                0x08005f05   Thumb Code    10  menu.o(i.menu_init)
    menu_update                              0x08005f15   Thumb Code   118  menu.o(i.menu_update)
    mget_ms                                  0x08005f95   Thumb Code    14  inv_mpu.o(i.mget_ms)
    mpu_configure_fifo                       0x08005fa5   Thumb Code   106  inv_mpu.o(i.mpu_configure_fifo)
    mpu_dmp_get_data                         0x08006015   Thumb Code   520  inv_mpu.o(i.mpu_dmp_get_data)
    mpu_dmp_init                             0x0800622d   Thumb Code   154  inv_mpu.o(i.mpu_dmp_init)
    mpu_get_accel_fsr                        0x080062cd   Thumb Code    72  inv_mpu.o(i.mpu_get_accel_fsr)
    mpu_get_accel_sens                       0x08006319   Thumb Code    78  inv_mpu.o(i.mpu_get_accel_sens)
    mpu_get_fifo_config                      0x0800636d   Thumb Code    12  inv_mpu.o(i.mpu_get_fifo_config)
    mpu_get_gyro_fsr                         0x0800637d   Thumb Code    64  inv_mpu.o(i.mpu_get_gyro_fsr)
    mpu_get_gyro_sens                        0x080063c1   Thumb Code    74  inv_mpu.o(i.mpu_get_gyro_sens)
    mpu_get_lpf                              0x08006421   Thumb Code    74  inv_mpu.o(i.mpu_get_lpf)
    mpu_get_sample_rate                      0x08006471   Thumb Code    26  inv_mpu.o(i.mpu_get_sample_rate)
    mpu_init                                 0x08006491   Thumb Code   286  inv_mpu.o(i.mpu_init)
    mpu_load_firmware                        0x080065b5   Thumb Code   180  inv_mpu.o(i.mpu_load_firmware)
    mpu_lp_accel_mode                        0x0800666d   Thumb Code   280  inv_mpu.o(i.mpu_lp_accel_mode)
    mpu_read_fifo_stream                     0x08006789   Thumb Code   186  inv_mpu.o(i.mpu_read_fifo_stream)
    mpu_read_mem                             0x08006849   Thumb Code   122  inv_mpu.o(i.mpu_read_mem)
    mpu_reset_fifo                           0x080068c9   Thumb Code   450  inv_mpu.o(i.mpu_reset_fifo)
    mpu_run_self_test                        0x08006a91   Thumb Code   168  inv_mpu.o(i.mpu_run_self_test)
    mpu_set_accel_fsr                        0x08006b3d   Thumb Code   126  inv_mpu.o(i.mpu_set_accel_fsr)
    mpu_set_bypass                           0x08006bc1   Thumb Code   328  inv_mpu.o(i.mpu_set_bypass)
    mpu_set_compass_sample_rate              0x08006d0d   Thumb Code    92  inv_mpu.o(i.mpu_set_compass_sample_rate)
    mpu_set_dmp_state                        0x08006d6d   Thumb Code   138  inv_mpu.o(i.mpu_set_dmp_state)
    mpu_set_gyro_fsr                         0x08006dfd   Thumb Code   132  inv_mpu.o(i.mpu_set_gyro_fsr)
    mpu_set_int_latched                      0x08006e85   Thumb Code   102  inv_mpu.o(i.mpu_set_int_latched)
    mpu_set_lpf                              0x08006ef1   Thumb Code   126  inv_mpu.o(i.mpu_set_lpf)
    mpu_set_sample_rate                      0x08006f75   Thumb Code   174  inv_mpu.o(i.mpu_set_sample_rate)
    mpu_set_sensors                          0x08007029   Thumb Code   354  inv_mpu.o(i.mpu_set_sensors)
    mpu_write_mem                            0x08007191   Thumb Code   122  inv_mpu.o(i.mpu_write_mem)
    parallel_pid_ctrl                        0x08007211   Thumb Code   344  pid_drv_1.o(i.parallel_pid_ctrl)
    period_init                              0x0800736d   Thumb Code   116  gimbal_drv.o(i.period_init)
    pid_init                                 0x080073e9   Thumb Code   142  gimbal_drv.o(i.pid_init)
    run_self_test                            0x08007481   Thumb Code   154  inv_mpu.o(i.run_self_test)
    sqrt                                     0x080077e5   Thumb Code   110  sqrt.o(i.sqrt)
    swap_endian_16                           0x08007853   Thumb Code    16  zhangdatou.o(i.swap_endian_16)
    swap_endian_32                           0x08007863   Thumb Code    36  zhangdatou.o(i.swap_endian_32)
    target_stable                            0x08007889   Thumb Code   134  gimbal_ctrl.o(i.target_stable)
    __aeabi_dneg                             0x0800791d   Thumb Code     0  basic.o(x$fpl$basic)
    _dneg                                    0x0800791d   Thumb Code     6  basic.o(x$fpl$basic)
    __aeabi_fneg                             0x08007923   Thumb Code     0  basic.o(x$fpl$basic)
    _fneg                                    0x08007923   Thumb Code     6  basic.o(x$fpl$basic)
    _dabs                                    0x08007929   Thumb Code     6  basic.o(x$fpl$basic)
    _fabs                                    0x0800792f   Thumb Code     6  basic.o(x$fpl$basic)
    __aeabi_d2f                              0x08007935   Thumb Code     0  d2f.o(x$fpl$d2f)
    _d2f                                     0x08007935   Thumb Code    98  d2f.o(x$fpl$d2f)
    __aeabi_dadd                             0x08007999   Thumb Code     0  daddsub_clz.o(x$fpl$dadd)
    _dadd                                    0x08007999   Thumb Code   332  daddsub_clz.o(x$fpl$dadd)
    __fpl_dcmp_Inf                           0x08007ae9   Thumb Code    24  dcmpi.o(x$fpl$dcmpinf)
    __aeabi_ddiv                             0x08007b01   Thumb Code     0  ddiv.o(x$fpl$ddiv)
    _ddiv                                    0x08007b01   Thumb Code   552  ddiv.o(x$fpl$ddiv)
    __aeabi_cdcmpeq                          0x08007db1   Thumb Code     0  deqf.o(x$fpl$deqf)
    _dcmpeq                                  0x08007db1   Thumb Code   120  deqf.o(x$fpl$deqf)
    __aeabi_cdcmple                          0x08007e29   Thumb Code     0  dleqf.o(x$fpl$dleqf)
    _dcmple                                  0x08007e29   Thumb Code   120  dleqf.o(x$fpl$dleqf)
    __fpl_dcmple_InfNaN                      0x08007e8b   Thumb Code     0  dleqf.o(x$fpl$dleqf)
    __aeabi_dmul                             0x08007ea1   Thumb Code     0  dmul.o(x$fpl$dmul)
    _dmul                                    0x08007ea1   Thumb Code   332  dmul.o(x$fpl$dmul)
    __fpl_dnaninf                            0x08007ff5   Thumb Code   156  dnaninf.o(x$fpl$dnaninf)
    __fpl_dretinf                            0x08008091   Thumb Code    12  dretinf.o(x$fpl$dretinf)
    __aeabi_drsub                            0x0800809d   Thumb Code     0  daddsub_clz.o(x$fpl$drsb)
    _drsb                                    0x0800809d   Thumb Code    22  daddsub_clz.o(x$fpl$drsb)
    _dsqrt                                   0x080080b5   Thumb Code   404  dsqrt_umaal.o(x$fpl$dsqrt)
    __aeabi_dsub                             0x0800824d   Thumb Code     0  daddsub_clz.o(x$fpl$dsub)
    _dsub                                    0x0800824d   Thumb Code   464  daddsub_clz.o(x$fpl$dsub)
    __aeabi_f2d                              0x08008421   Thumb Code     0  f2d.o(x$fpl$f2d)
    _f2d                                     0x08008421   Thumb Code    86  f2d.o(x$fpl$f2d)
    __fpl_fnaninf                            0x08008477   Thumb Code   140  fnaninf.o(x$fpl$fnaninf)
    _fp_init                                 0x08008503   Thumb Code    10  fpinit.o(x$fpl$fpinit)
    __fplib_config_fpu_vfp                   0x0800850b   Thumb Code     0  fpinit.o(x$fpl$fpinit)
    __fplib_config_pureend_doubles           0x0800850b   Thumb Code     0  fpinit.o(x$fpl$fpinit)
    __fpl_fretinf                            0x0800850d   Thumb Code    10  fretinf.o(x$fpl$fretinf)
    __I$use$fp                               0x08008516   Number         0  usenofp.o(x$fpl$usenofp)
    AHBPrescTable                            0x0800851e   Data          16  system_stm32f4xx.o(.constdata)
    APBPrescTable                            0x0800852e   Data           8  system_stm32f4xx.o(.constdata)
    reg                                      0x08008538   Data          42  inv_mpu.o(.constdata)
    hw                                       0x08008562   Data          14  inv_mpu.o(.constdata)
    test                                     0x08008570   Data          40  inv_mpu.o(.constdata)
    __mathlib_zero                           0x08009278   Data           8  qnan.o(.constdata)
    Region$$Table$$Base                      0x08009280   Number         0  anon$$obj.o(Region$$Table)
    Region$$Table$$Limit                     0x080092a0   Number         0  anon$$obj.o(Region$$Table)
    uwTick                                   0x20000000   Data           4  stm32f4xx_hal.o(.data)
    uwTickPrio                               0x20000004   Data           4  stm32f4xx_hal.o(.data)
    uwTickFreq                               0x20000008   Data           1  stm32f4xx_hal.o(.data)
    SystemCoreClock                          0x2000000c   Data           4  system_stm32f4xx.o(.data)
    dbg_uart1_error_cnt                      0x20000010   Data           4  user_usart.o(.data)
    dbg_uart3_error_cnt                      0x20000014   Data           4  user_usart.o(.data)
    dbg_uart6_error_cnt                      0x20000018   Data           4  user_usart.o(.data)
    dbg_uart_last_error                      0x2000001c   Data           4  user_usart.o(.data)
    pitchmotor                               0x20000020   Data          40  zhangdatou.o(.data)
    yawmotor                                 0x20000048   Data          40  zhangdatou.o(.data)
    target_lost_cnt                          0x200000c8   Data           4  gimbal_ctrl.o(.data)
    aim_stable_frames                        0x200000cc   Data           1  gimbal_ctrl.o(.data)
    key_menu                                 0x200000d4   Data           8  key.o(.data)
    key_enter                                0x200000dc   Data           8  key.o(.data)
    menu                                     0x200000e4   Data           2  menu.o(.data)
    htim7                                    0x200000e8   Data          72  tim.o(.bss)
    htim8                                    0x20000130   Data          72  tim.o(.bss)
    huart1                                   0x20000178   Data          72  usart.o(.bss)
    huart3                                   0x200001c0   Data          72  usart.o(.bss)
    huart6                                   0x20000208   Data          72  usart.o(.bss)
    hdma_usart1_rx                           0x20000250   Data          96  usart.o(.bss)
    hdma_usart1_tx                           0x200002b0   Data          96  usart.o(.bss)
    hdma_usart3_rx                           0x20000310   Data          96  usart.o(.bss)
    hdma_usart3_tx                           0x20000370   Data          96  usart.o(.bss)
    hdma_usart6_rx                           0x200003d0   Data          96  usart.o(.bss)
    hdma_usart6_tx                           0x20000430   Data          96  usart.o(.bss)
    MMCL_cmd                                 0x20000550   Data        1024  x_v2.o(.bss)
    mpu9250_data                             0x200010f0   Data          32  mpu9250_app.o(.bss)
    sys                                      0x20001120   Data         312  gimbal_ctrl.o(.bss)
    gimbal_sm_obj                            0x20001258   Data          12  gimbal_ctrl.o(.bss)
    __libspace_start                         0x20001264   Data          96  libspace.o(.bss)
    __temporary_stack_top$libspace           0x200012c4   Data           0  libspace.o(.bss)



==============================================================================

Memory Map of the image

  Image Entry point : 0x08000189

  Load Region LR_IROM1 (Base: 0x08000000, Size: 0x00009388, Max: 0x00100000, ABSOLUTE)

    Execution Region ER_IROM1 (Exec base: 0x08000000, Load base: 0x08000000, Size: 0x000092a0, Max: 0x00100000, ABSOLUTE)

    Exec Addr    Load Addr    Size         Type   Attr      Idx    E Section Name        Object

    0x08000000   0x08000000   0x00000188   Data   RO            3    RESET               startup_stm32f405xx.o
    0x08000188   0x08000188   0x00000008   Code   RO         5003  * !!!main             c_w.l(__main.o)
    0x08000190   0x08000190   0x00000034   Code   RO         5299    !!!scatter          c_w.l(__scatter.o)
    0x080001c4   0x080001c4   0x0000001a   Code   RO         5301    !!handler_copy      c_w.l(__scatter_copy.o)
    0x080001de   0x080001de   0x00000002   PAD
    0x080001e0   0x080001e0   0x0000001c   Code   RO         5303    !!handler_zi        c_w.l(__scatter_zi.o)
    0x080001fc   0x080001fc   0x00000002   Code   RO         5170    .ARM.Collect$$libinit$$00000000  c_w.l(libinit.o)
    0x080001fe   0x080001fe   0x00000004   Code   RO         5179    .ARM.Collect$$libinit$$00000001  c_w.l(libinit2.o)
    0x08000202   0x08000202   0x00000000   Code   RO         5182    .ARM.Collect$$libinit$$00000004  c_w.l(libinit2.o)
    0x08000202   0x08000202   0x00000000   Code   RO         5185    .ARM.Collect$$libinit$$0000000A  c_w.l(libinit2.o)
    0x08000202   0x08000202   0x00000000   Code   RO         5187    .ARM.Collect$$libinit$$0000000C  c_w.l(libinit2.o)
    0x08000202   0x08000202   0x00000000   Code   RO         5189    .ARM.Collect$$libinit$$0000000E  c_w.l(libinit2.o)
    0x08000202   0x08000202   0x00000000   Code   RO         5192    .ARM.Collect$$libinit$$00000011  c_w.l(libinit2.o)
    0x08000202   0x08000202   0x00000000   Code   RO         5194    .ARM.Collect$$libinit$$00000013  c_w.l(libinit2.o)
    0x08000202   0x08000202   0x00000000   Code   RO         5196    .ARM.Collect$$libinit$$00000015  c_w.l(libinit2.o)
    0x08000202   0x08000202   0x00000000   Code   RO         5198    .ARM.Collect$$libinit$$00000017  c_w.l(libinit2.o)
    0x08000202   0x08000202   0x00000000   Code   RO         5200    .ARM.Collect$$libinit$$00000019  c_w.l(libinit2.o)
    0x08000202   0x08000202   0x00000000   Code   RO         5202    .ARM.Collect$$libinit$$0000001B  c_w.l(libinit2.o)
    0x08000202   0x08000202   0x00000000   Code   RO         5204    .ARM.Collect$$libinit$$0000001D  c_w.l(libinit2.o)
    0x08000202   0x08000202   0x00000000   Code   RO         5206    .ARM.Collect$$libinit$$0000001F  c_w.l(libinit2.o)
    0x08000202   0x08000202   0x00000000   Code   RO         5208    .ARM.Collect$$libinit$$00000021  c_w.l(libinit2.o)
    0x08000202   0x08000202   0x00000000   Code   RO         5210    .ARM.Collect$$libinit$$00000023  c_w.l(libinit2.o)
    0x08000202   0x08000202   0x00000000   Code   RO         5212    .ARM.Collect$$libinit$$00000025  c_w.l(libinit2.o)
    0x08000202   0x08000202   0x00000000   Code   RO         5216    .ARM.Collect$$libinit$$0000002C  c_w.l(libinit2.o)
    0x08000202   0x08000202   0x00000000   Code   RO         5218    .ARM.Collect$$libinit$$0000002E  c_w.l(libinit2.o)
    0x08000202   0x08000202   0x00000000   Code   RO         5220    .ARM.Collect$$libinit$$00000030  c_w.l(libinit2.o)
    0x08000202   0x08000202   0x00000000   Code   RO         5222    .ARM.Collect$$libinit$$00000032  c_w.l(libinit2.o)
    0x08000202   0x08000202   0x00000002   Code   RO         5223    .ARM.Collect$$libinit$$00000033  c_w.l(libinit2.o)
    0x08000204   0x08000204   0x00000002   Code   RO         5254    .ARM.Collect$$libshutdown$$00000000  c_w.l(libshutdown.o)
    0x08000206   0x08000206   0x00000000   Code   RO         5280    .ARM.Collect$$libshutdown$$00000002  c_w.l(libshutdown2.o)
    0x08000206   0x08000206   0x00000000   Code   RO         5282    .ARM.Collect$$libshutdown$$00000004  c_w.l(libshutdown2.o)
    0x08000206   0x08000206   0x00000000   Code   RO         5284    .ARM.Collect$$libshutdown$$00000006  c_w.l(libshutdown2.o)
    0x08000206   0x08000206   0x00000000   Code   RO         5287    .ARM.Collect$$libshutdown$$00000009  c_w.l(libshutdown2.o)
    0x08000206   0x08000206   0x00000000   Code   RO         5290    .ARM.Collect$$libshutdown$$0000000C  c_w.l(libshutdown2.o)
    0x08000206   0x08000206   0x00000000   Code   RO         5292    .ARM.Collect$$libshutdown$$0000000E  c_w.l(libshutdown2.o)
    0x08000206   0x08000206   0x00000000   Code   RO         5295    .ARM.Collect$$libshutdown$$00000011  c_w.l(libshutdown2.o)
    0x08000206   0x08000206   0x00000002   Code   RO         5296    .ARM.Collect$$libshutdown$$00000012  c_w.l(libshutdown2.o)
    0x08000208   0x08000208   0x00000000   Code   RO         5061    .ARM.Collect$$rtentry$$00000000  c_w.l(__rtentry.o)
    0x08000208   0x08000208   0x00000000   Code   RO         5131    .ARM.Collect$$rtentry$$00000002  c_w.l(__rtentry2.o)
    0x08000208   0x08000208   0x00000006   Code   RO         5143    .ARM.Collect$$rtentry$$00000004  c_w.l(__rtentry4.o)
    0x0800020e   0x0800020e   0x00000000   Code   RO         5133    .ARM.Collect$$rtentry$$00000009  c_w.l(__rtentry2.o)
    0x0800020e   0x0800020e   0x00000004   Code   RO         5134    .ARM.Collect$$rtentry$$0000000A  c_w.l(__rtentry2.o)
    0x08000212   0x08000212   0x00000000   Code   RO         5136    .ARM.Collect$$rtentry$$0000000C  c_w.l(__rtentry2.o)
    0x08000212   0x08000212   0x00000008   Code   RO         5137    .ARM.Collect$$rtentry$$0000000D  c_w.l(__rtentry2.o)
    0x0800021a   0x0800021a   0x00000002   Code   RO         5171    .ARM.Collect$$rtexit$$00000000  c_w.l(rtexit.o)
    0x0800021c   0x0800021c   0x00000000   Code   RO         5227    .ARM.Collect$$rtexit$$00000002  c_w.l(rtexit2.o)
    0x0800021c   0x0800021c   0x00000004   Code   RO         5228    .ARM.Collect$$rtexit$$00000003  c_w.l(rtexit2.o)
    0x08000220   0x08000220   0x00000006   Code   RO         5229    .ARM.Collect$$rtexit$$00000004  c_w.l(rtexit2.o)
    0x08000226   0x08000226   0x00000002   PAD
    0x08000228   0x08000228   0x00000040   Code   RO            4    .text               startup_stm32f405xx.o
    0x08000268   0x08000268   0x000000ee   Code   RO         4991    .text               c_w.l(lludivv7m.o)
    0x08000356   0x08000356   0x00000048   Code   RO         4993    .text               c_w.l(llsdiv.o)
    0x0800039e   0x0800039e   0x00000058   Code   RO         4995    .text               c_w.l(memcmp.o)
    0x080003f6   0x080003f6   0x00000010   Code   RO         4997    .text               c_w.l(aeabi_memset.o)
    0x08000406   0x08000406   0x0000004e   Code   RO         4999    .text               c_w.l(rt_memclr_w.o)
    0x08000454   0x08000454   0x00000006   Code   RO         5001    .text               c_w.l(heapauxi.o)
    0x0800045a   0x0800045a   0x00000016   Code   RO         5066    .text               c_w.l(_rserrno.o)
    0x08000470   0x08000470   0x00000044   Code   RO         5068    .text               c_w.l(rt_memclr.o)
    0x080004b4   0x080004b4   0x00000008   Code   RO         5150    .text               c_w.l(rt_errno_addr_intlibspace.o)
    0x080004bc   0x080004bc   0x00000008   Code   RO         5154    .text               c_w.l(libspace.o)
    0x080004c4   0x080004c4   0x0000004a   Code   RO         5157    .text               c_w.l(sys_stackheap_outer.o)
    0x0800050e   0x0800050e   0x00000012   Code   RO         5159    .text               c_w.l(exit.o)
    0x08000520   0x08000520   0x0000000c   Code   RO         5224    .text               c_w.l(sys_exit.o)
    0x0800052c   0x0800052c   0x00000002   Code   RO         5243    .text               c_w.l(use_no_semi.o)
    0x0800052e   0x0800052e   0x00000000   Code   RO         5245    .text               c_w.l(indicate_semi.o)
    0x0800052e   0x0800052e   0x00000004   Code   RO          331    i.BusFault_Handler  stm32f4xx_it.o
    0x08000532   0x08000532   0x00000002   PAD
    0x08000534   0x08000534   0x00000010   Code   RO          332    i.DMA1_Stream1_IRQHandler  stm32f4xx_it.o
    0x08000544   0x08000544   0x00000010   Code   RO          333    i.DMA1_Stream3_IRQHandler  stm32f4xx_it.o
    0x08000554   0x08000554   0x00000010   Code   RO          334    i.DMA2_Stream1_IRQHandler  stm32f4xx_it.o
    0x08000564   0x08000564   0x00000010   Code   RO          335    i.DMA2_Stream2_IRQHandler  stm32f4xx_it.o
    0x08000574   0x08000574   0x00000010   Code   RO          336    i.DMA2_Stream6_IRQHandler  stm32f4xx_it.o
    0x08000584   0x08000584   0x00000010   Code   RO          337    i.DMA2_Stream7_IRQHandler  stm32f4xx_it.o
    0x08000594   0x08000594   0x00000034   Code   RO         2003    i.DMA_CalcBaseAndBitshift  stm32f4xx_hal_dma.o
    0x080005c8   0x080005c8   0x000000aa   Code   RO         2004    i.DMA_CheckFifoParam  stm32f4xx_hal_dma.o
    0x08000672   0x08000672   0x0000002c   Code   RO         2005    i.DMA_SetConfig     stm32f4xx_hal_dma.o
    0x0800069e   0x0800069e   0x00000002   Code   RO          338    i.DebugMon_Handler  stm32f4xx_it.o
    0x080006a0   0x080006a0   0x00000006   Code   RO           13    i.Error_Handler     main.o
    0x080006a6   0x080006a6   0x000000ac   Code   RO         2006    i.HAL_DMA_Abort     stm32f4xx_hal_dma.o
    0x08000752   0x08000752   0x00000028   Code   RO         2007    i.HAL_DMA_Abort_IT  stm32f4xx_hal_dma.o
    0x0800077a   0x0800077a   0x00000006   Code   RO         2009    i.HAL_DMA_GetError  stm32f4xx_hal_dma.o
    0x08000780   0x08000780   0x00000240   Code   RO         2011    i.HAL_DMA_IRQHandler  stm32f4xx_hal_dma.o
    0x080009c0   0x080009c0   0x000000ec   Code   RO         2012    i.HAL_DMA_Init      stm32f4xx_hal_dma.o
    0x08000aac   0x08000aac   0x00000092   Code   RO         2016    i.HAL_DMA_Start_IT  stm32f4xx_hal_dma.o
    0x08000b3e   0x08000b3e   0x00000002   PAD
    0x08000b40   0x08000b40   0x00000028   Code   RO         2448    i.HAL_Delay         stm32f4xx_hal.o
    0x08000b68   0x08000b68   0x000001f4   Code   RO         1899    i.HAL_GPIO_Init     stm32f4xx_hal_gpio.o
    0x08000d5c   0x08000d5c   0x00000010   Code   RO         1901    i.HAL_GPIO_ReadPin  stm32f4xx_hal_gpio.o
    0x08000d6c   0x08000d6c   0x0000000c   Code   RO         1903    i.HAL_GPIO_WritePin  stm32f4xx_hal_gpio.o
    0x08000d78   0x08000d78   0x0000000c   Code   RO         2454    i.HAL_GetTick       stm32f4xx_hal.o
    0x08000d84   0x08000d84   0x00000018   Code   RO         2460    i.HAL_IncTick       stm32f4xx_hal.o
    0x08000d9c   0x08000d9c   0x0000003c   Code   RO         2461    i.HAL_Init          stm32f4xx_hal.o
    0x08000dd8   0x08000dd8   0x0000004c   Code   RO         2462    i.HAL_InitTick      stm32f4xx_hal.o
    0x08000e24   0x08000e24   0x00000048   Code   RO          491    i.HAL_MspInit       stm32f4xx_hal_msp.o
    0x08000e6c   0x08000e6c   0x00000028   Code   RO         2291    i.HAL_NVIC_EnableIRQ  stm32f4xx_hal_cortex.o
    0x08000e94   0x08000e94   0x0000007c   Code   RO         2297    i.HAL_NVIC_SetPriority  stm32f4xx_hal_cortex.o
    0x08000f10   0x08000f10   0x00000028   Code   RO         2298    i.HAL_NVIC_SetPriorityGrouping  stm32f4xx_hal_cortex.o
    0x08000f38   0x08000f38   0x00000184   Code   RO         1500    i.HAL_RCC_ClockConfig  stm32f4xx_hal_rcc.o
    0x080010bc   0x080010bc   0x0000000c   Code   RO         1505    i.HAL_RCC_GetHCLKFreq  stm32f4xx_hal_rcc.o
    0x080010c8   0x080010c8   0x00000020   Code   RO         1507    i.HAL_RCC_GetPCLK1Freq  stm32f4xx_hal_rcc.o
    0x080010e8   0x080010e8   0x00000020   Code   RO         1508    i.HAL_RCC_GetPCLK2Freq  stm32f4xx_hal_rcc.o
    0x08001108   0x08001108   0x000000b0   Code   RO         1509    i.HAL_RCC_GetSysClockFreq  stm32f4xx_hal_rcc.o
    0x080011b8   0x080011b8   0x0000049c   Code   RO         1512    i.HAL_RCC_OscConfig  stm32f4xx_hal_rcc.o
    0x08001654   0x08001654   0x00000034   Code   RO         2302    i.HAL_SYSTICK_Config  stm32f4xx_hal_cortex.o
    0x08001688   0x08001688   0x00000002   Code   RO         1232    i.HAL_TIMEx_BreakCallback  stm32f4xx_hal_tim_ex.o
    0x0800168a   0x0800168a   0x00000002   Code   RO         1233    i.HAL_TIMEx_CommutCallback  stm32f4xx_hal_tim_ex.o
    0x0800168c   0x0800168c   0x000000b4   Code   RO         1251    i.HAL_TIMEx_MasterConfigSynchronization  stm32f4xx_hal_tim_ex.o
    0x08001740   0x08001740   0x00000066   Code   RO          517    i.HAL_TIM_Base_Init  stm32f4xx_hal_tim.o
    0x080017a6   0x080017a6   0x00000002   PAD
    0x080017a8   0x080017a8   0x000000b8   Code   RO          230    i.HAL_TIM_Base_MspInit  tim.o
    0x08001860   0x08001860   0x000000a8   Code   RO          522    i.HAL_TIM_Base_Start_IT  stm32f4xx_hal_tim.o
    0x08001908   0x08001908   0x0000010c   Code   RO          526    i.HAL_TIM_ConfigClockSource  stm32f4xx_hal_tim.o
    0x08001a14   0x08001a14   0x00000002   Code   RO          551    i.HAL_TIM_IC_CaptureCallback  stm32f4xx_hal_tim.o
    0x08001a16   0x08001a16   0x0000016c   Code   RO          565    i.HAL_TIM_IRQHandler  stm32f4xx_hal_tim.o
    0x08001b82   0x08001b82   0x00000002   Code   RO          568    i.HAL_TIM_OC_DelayElapsedCallback  stm32f4xx_hal_tim.o
    0x08001b84   0x08001b84   0x00000002   Code   RO          595    i.HAL_TIM_PWM_PulseFinishedCallback  stm32f4xx_hal_tim.o
    0x08001b86   0x08001b86   0x00000002   PAD
    0x08001b88   0x08001b88   0x00000060   Code   RO         3109    i.HAL_TIM_PeriodElapsedCallback  user_tim.o
    0x08001be8   0x08001be8   0x00000002   Code   RO          608    i.HAL_TIM_TriggerCallback  stm32f4xx_hal_tim.o
    0x08001bea   0x08001bea   0x00000070   Code   RO         2709    i.HAL_UARTEx_ReceiveToIdle_DMA  stm32f4xx_hal_uart.o
    0x08001c5a   0x08001c5a   0x00000002   PAD
    0x08001c5c   0x08001c5c   0x0000007c   Code   RO         3146    i.HAL_UARTEx_RxEventCallback  user_usart.o
    0x08001cd8   0x08001cd8   0x000000c4   Code   RO         2714    i.HAL_UART_AbortReceive  stm32f4xx_hal_uart.o
    0x08001d9c   0x08001d9c   0x0000000c   Code   RO         3147    i.HAL_UART_ErrorCallback  user_usart.o
    0x08001da8   0x08001da8   0x00000308   Code   RO         2728    i.HAL_UART_IRQHandler  stm32f4xx_hal_uart.o
    0x080020b0   0x080020b0   0x00000076   Code   RO         2729    i.HAL_UART_Init     stm32f4xx_hal_uart.o
    0x08002126   0x08002126   0x00000002   PAD
    0x08002128   0x08002128   0x0000033c   Code   RO          278    i.HAL_UART_MspInit  usart.o
    0x08002464   0x08002464   0x000000c2   Code   RO         2732    i.HAL_UART_Receive  stm32f4xx_hal_uart.o
    0x08002526   0x08002526   0x00000002   Code   RO         2735    i.HAL_UART_RxCpltCallback  stm32f4xx_hal_uart.o
    0x08002528   0x08002528   0x00000002   Code   RO         2736    i.HAL_UART_RxHalfCpltCallback  stm32f4xx_hal_uart.o
    0x0800252a   0x0800252a   0x000000be   Code   RO         2737    i.HAL_UART_Transmit  stm32f4xx_hal_uart.o
    0x080025e8   0x080025e8   0x0000009c   Code   RO         2738    i.HAL_UART_Transmit_DMA  stm32f4xx_hal_uart.o
    0x08002684   0x08002684   0x00000002   Code   RO         2740    i.HAL_UART_TxCpltCallback  stm32f4xx_hal_uart.o
    0x08002686   0x08002686   0x00000002   Code   RO         2741    i.HAL_UART_TxHalfCpltCallback  stm32f4xx_hal_uart.o
    0x08002688   0x08002688   0x00000004   Code   RO          339    i.HardFault_Handler  stm32f4xx_it.o
    0x0800268c   0x0800268c   0x000000a0   Code   RO         4111    i.MPU9250_Update10ms  mpu9250_app.o
    0x0800272c   0x0800272c   0x00000024   Code   RO         4112    i.MPU9250_UserInit  mpu9250_app.o
    0x08002750   0x08002750   0x00000050   Code   RO         4011    i.MPU_Get_Accelerometer  mpu9250.o
    0x080027a0   0x080027a0   0x00000050   Code   RO         4012    i.MPU_Get_Gyroscope  mpu9250.o
    0x080027f0   0x080027f0   0x00000048   Code   RO         4150    i.MPU_IIC_Ack       mpuiic.o
    0x08002838   0x08002838   0x0000000e   Code   RO         4151    i.MPU_IIC_Delay     mpuiic.o
    0x08002846   0x08002846   0x00000002   Code   RO         4152    i.MPU_IIC_Init      mpuiic.o
    0x08002848   0x08002848   0x00000048   Code   RO         4153    i.MPU_IIC_NAck      mpuiic.o
    0x08002890   0x08002890   0x00000060   Code   RO         4154    i.MPU_IIC_Read_Byte  mpuiic.o
    0x080028f0   0x080028f0   0x0000006c   Code   RO         4155    i.MPU_IIC_Send_Byte  mpuiic.o
    0x0800295c   0x0800295c   0x00000048   Code   RO         4156    i.MPU_IIC_Start     mpuiic.o
    0x080029a4   0x080029a4   0x00000048   Code   RO         4157    i.MPU_IIC_Stop      mpuiic.o
    0x080029ec   0x080029ec   0x0000005c   Code   RO         4158    i.MPU_IIC_Wait_Ack  mpuiic.o
    0x08002a48   0x08002a48   0x00000074   Code   RO         4016    i.MPU_Read_Len      mpu9250.o
    0x08002abc   0x08002abc   0x00000060   Code   RO         4022    i.MPU_Write_Len     mpu9250.o
    0x08002b1c   0x08002b1c   0x000000a8   Code   RO          205    i.MX_DMA_Init       dma.o
    0x08002bc4   0x08002bc4   0x000000ec   Code   RO          181    i.MX_GPIO_Init      gpio.o
    0x08002cb0   0x08002cb0   0x0000004c   Code   RO          231    i.MX_TIM7_Init      tim.o
    0x08002cfc   0x08002cfc   0x00000070   Code   RO          232    i.MX_TIM8_Init      tim.o
    0x08002d6c   0x08002d6c   0x00000038   Code   RO          279    i.MX_USART1_UART_Init  usart.o
    0x08002da4   0x08002da4   0x00000038   Code   RO          280    i.MX_USART3_UART_Init  usart.o
    0x08002ddc   0x08002ddc   0x00000038   Code   RO          281    i.MX_USART6_UART_Init  usart.o
    0x08002e14   0x08002e14   0x00000004   Code   RO          340    i.MemManage_Handler  stm32f4xx_it.o
    0x08002e18   0x08002e18   0x00000004   Code   RO          341    i.NMI_Handler       stm32f4xx_it.o
    0x08002e1c   0x08002e1c   0x00000002   Code   RO          342    i.PendSV_Handler    stm32f4xx_it.o
    0x08002e1e   0x08002e1e   0x00000002   Code   RO          343    i.SVC_Handler       stm32f4xx_it.o
    0x08002e20   0x08002e20   0x00000008   Code   RO          344    i.SysTick_Handler   stm32f4xx_it.o
    0x08002e28   0x08002e28   0x000000b4   Code   RO           14    i.SystemClock_Config  main.o
    0x08002edc   0x08002edc   0x00000014   Code   RO         3073    i.SystemInit        system_stm32f4xx.o
    0x08002ef0   0x08002ef0   0x00000010   Code   RO          345    i.TIM7_IRQHandler   stm32f4xx_it.o
    0x08002f00   0x08002f00   0x00000010   Code   RO          346    i.TIM8_BRK_TIM12_IRQHandler  stm32f4xx_it.o
    0x08002f10   0x08002f10   0x00000010   Code   RO          347    i.TIM8_CC_IRQHandler  stm32f4xx_it.o
    0x08002f20   0x08002f20   0x00000010   Code   RO          348    i.TIM8_TRG_COM_TIM14_IRQHandler  stm32f4xx_it.o
    0x08002f30   0x08002f30   0x00000010   Code   RO          349    i.TIM8_UP_TIM13_IRQHandler  stm32f4xx_it.o
    0x08002f40   0x08002f40   0x000000e0   Code   RO          610    i.TIM_Base_SetConfig  stm32f4xx_hal_tim.o
    0x08003020   0x08003020   0x00000016   Code   RO          621    i.TIM_ETR_SetConfig  stm32f4xx_hal_tim.o
    0x08003036   0x08003036   0x00000012   Code   RO          622    i.TIM_ITRx_SetConfig  stm32f4xx_hal_tim.o
    0x08003048   0x08003048   0x00000026   Code   RO          628    i.TIM_TI1_ConfigInputStage  stm32f4xx_hal_tim.o
    0x0800306e   0x0800306e   0x00000028   Code   RO          630    i.TIM_TI2_ConfigInputStage  stm32f4xx_hal_tim.o
    0x08003096   0x08003096   0x00000012   Code   RO         2742    i.UART_DMAAbortOnError  stm32f4xx_hal_uart.o
    0x080030a8   0x080030a8   0x00000050   Code   RO         2743    i.UART_DMAError     stm32f4xx_hal_uart.o
    0x080030f8   0x080030f8   0x000000b4   Code   RO         2744    i.UART_DMAReceiveCplt  stm32f4xx_hal_uart.o
    0x080031ac   0x080031ac   0x00000024   Code   RO         2746    i.UART_DMARxHalfCplt  stm32f4xx_hal_uart.o
    0x080031d0   0x080031d0   0x00000058   Code   RO         2748    i.UART_DMATransmitCplt  stm32f4xx_hal_uart.o
    0x08003228   0x08003228   0x0000000e   Code   RO         2750    i.UART_DMATxHalfCplt  stm32f4xx_hal_uart.o
    0x08003236   0x08003236   0x0000006c   Code   RO         2752    i.UART_EndRxTransfer  stm32f4xx_hal_uart.o
    0x080032a2   0x080032a2   0x00000020   Code   RO         2753    i.UART_EndTransmit_IT  stm32f4xx_hal_uart.o
    0x080032c2   0x080032c2   0x00000026   Code   RO         2754    i.UART_EndTxTransfer  stm32f4xx_hal_uart.o
    0x080032e8   0x080032e8   0x000000fc   Code   RO         2755    i.UART_Receive_IT   stm32f4xx_hal_uart.o
    0x080033e4   0x080033e4   0x0000022c   Code   RO         2756    i.UART_SetConfig    stm32f4xx_hal_uart.o
    0x08003610   0x08003610   0x000000d8   Code   RO         2757    i.UART_Start_Receive_DMA  stm32f4xx_hal_uart.o
    0x080036e8   0x080036e8   0x00000060   Code   RO         2759    i.UART_Transmit_IT  stm32f4xx_hal_uart.o
    0x08003748   0x08003748   0x0000008c   Code   RO         2760    i.UART_WaitOnFlagUntilTimeout  stm32f4xx_hal_uart.o
    0x080037d4   0x080037d4   0x00000010   Code   RO          350    i.USART1_IRQHandler  stm32f4xx_it.o
    0x080037e4   0x080037e4   0x00000010   Code   RO          351    i.USART3_IRQHandler  stm32f4xx_it.o
    0x080037f4   0x080037f4   0x00000010   Code   RO          352    i.USART6_IRQHandler  stm32f4xx_it.o
    0x08003804   0x08003804   0x00000004   Code   RO          353    i.UsageFault_Handler  stm32f4xx_it.o
    0x08003808   0x08003808   0x00000018   Code   RO         3110    i.User_TIM_Init     user_tim.o
    0x08003820   0x08003820   0x0000006a   Code   RO         3148    i.Vision_UART_ParseData  user_usart.o
    0x0800388a   0x0800388a   0x00000002   PAD
    0x0800388c   0x0800388c   0x0000003c   Code   RO         3356    i.X_V2_GetTxBuf     x_v2.o
    0x080038c8   0x080038c8   0x000000d6   Code   RO         3451    i.X_V2_Traj_Pos_Control_UART  x_v2.o
    0x0800399e   0x0800399e   0x00000026   Code   RO         3453    i.X_V2_Transmit_UART_DMA  x_v2.o
    0x080039c4   0x080039c4   0x00000084   Code   RO         3456    i.X_V2_Vel_Control_UART  x_v2.o
    0x08003a48   0x08003a48   0x00000072   Code   RO         3149    i.ZDT_UART_ClearError  user_usart.o
    0x08003aba   0x08003aba   0x00000060   Code   RO         3150    i.ZDT_UART_ParseFeedback  user_usart.o
    0x08003b1a   0x08003b1a   0x00000002   PAD
    0x08003b1c   0x08003b1c   0x00000030   Code   RO         3151    i.ZDT_UART_ParseMotorFrame  user_usart.o
    0x08003b4c   0x08003b4c   0x000000a0   Code   RO         3152    i.ZDT_UART_RecoverReceive  user_usart.o
    0x08003bec   0x08003bec   0x00000034   Code   RO         3153    i.ZDT_UART_RxStart  user_usart.o
    0x08003c20   0x08003c20   0x00000024   Code   RO         3154    i.ZDT_UART_StartReceive  user_usart.o
    0x08003c44   0x08003c44   0x000000dc   Code   RO         3220    i.ZhangDaTou_Control  zhangdatou.o
    0x08003d20   0x08003d20   0x000000f8   Code   RO         3221    i.ZhangDaTou_DataParm  zhangdatou.o
    0x08003e18   0x08003e18   0x00000038   Code   RO         3222    i.ZhangDaTou_DegPerSecToMotorRPM  zhangdatou.o
    0x08003e50   0x08003e50   0x00000034   Code   RO         3223    i.ZhangDaTou_Enable  zhangdatou.o
    0x08003e84   0x08003e84   0x00000010   Code   RO         3224    i.ZhangDaTou_GetAcc  zhangdatou.o
    0x08003e94   0x08003e94   0x00000014   Code   RO         3225    i.ZhangDaTou_GetReductionRatio  zhangdatou.o
    0x08003ea8   0x08003ea8   0x00000030   Code   RO         3226    i.ZhangDaTou_OutputDegToMotorDeg  zhangdatou.o
    0x08003ed8   0x08003ed8   0x00000016   Code   RO         3230    i.ZhangDaTou_Speedctr  zhangdatou.o
    0x08003eee   0x08003eee   0x00000002   PAD
    0x08003ef0   0x08003ef0   0x00000050   Code   RO         3231    i.ZhangDaTou_StartPosFeedback  zhangdatou.o
    0x08003f40   0x08003f40   0x00000030   Code   RO         5113    i.__ARM_fpclassify  m_wm.l(fpclassify.o)
    0x08003f70   0x08003f70   0x00000010   Code   RO         2304    i.__NVIC_GetPriorityGrouping  stm32f4xx_hal_cortex.o
    0x08003f80   0x08003f80   0x00000028   Code   RO         2305    i.__NVIC_SetPriority  stm32f4xx_hal_cortex.o
    0x08003fa8   0x08003fa8   0x00000360   Code   RO         5029    i.__hardfp_asin     m_wm.l(asin.o)
    0x08004308   0x08004308   0x000002d8   Code   RO         5085    i.__hardfp_atan     m_wm.l(atan.o)
    0x080045e0   0x080045e0   0x00000200   Code   RO         5043    i.__hardfp_atan2    m_wm.l(atan2.o)
    0x080047e0   0x080047e0   0x00000014   Code   RO         5055    i.__hardfp_fabs     m_wm.l(fabs.o)
    0x080047f4   0x080047f4   0x000000f8   Code   RO         5115    i.__kernel_poly     m_wm.l(poly.o)
    0x080048ec   0x080048ec   0x00000014   Code   RO         5100    i.__mathlib_dbl_infnan  m_wm.l(dunder.o)
    0x08004900   0x08004900   0x00000014   Code   RO         5101    i.__mathlib_dbl_infnan2  m_wm.l(dunder.o)
    0x08004914   0x08004914   0x00000004   PAD
    0x08004918   0x08004918   0x00000020   Code   RO         5102    i.__mathlib_dbl_invalid  m_wm.l(dunder.o)
    0x08004938   0x08004938   0x00000020   Code   RO         5105    i.__mathlib_dbl_underflow  m_wm.l(dunder.o)
    0x08004958   0x08004958   0x00000010   Code   RO         5087    i.atan              m_wm.l(atan.o)
    0x08004968   0x08004968   0x00000084   Code   RO         4787    i.camera_data_update  gimbal_calc.o
    0x080049ec   0x080049ec   0x00000050   Code   RO         4822    i.camera_x_pid_ctrl  gimbal_drv.o
    0x08004a3c   0x08004a3c   0x000000a4   Code   RO         4823    i.camera_y_pid_ctrl  gimbal_drv.o
    0x08004ae0   0x08004ae0   0x00000064   Code   RO         4555    i.decode_gesture    inv_mpu_dmp_motion_driver.o
    0x08004b44   0x08004b44   0x0000003c   Code   RO         4556    i.dmp_enable_6x_lp_quat  inv_mpu_dmp_motion_driver.o
    0x08004b80   0x08004b80   0x0000021c   Code   RO         4557    i.dmp_enable_feature  inv_mpu_dmp_motion_driver.o
    0x08004d9c   0x08004d9c   0x00000058   Code   RO         4558    i.dmp_enable_gyro_cal  inv_mpu_dmp_motion_driver.o
    0x08004df4   0x08004df4   0x0000003c   Code   RO         4559    i.dmp_enable_lp_quat  inv_mpu_dmp_motion_driver.o
    0x08004e30   0x08004e30   0x00000018   Code   RO         4564    i.dmp_load_motion_driver_firmware  inv_mpu_dmp_motion_driver.o
    0x08004e48   0x08004e48   0x000001cc   Code   RO         4565    i.dmp_read_fifo     inv_mpu_dmp_motion_driver.o
    0x08005014   0x08005014   0x00000130   Code   RO         4568    i.dmp_set_accel_bias  inv_mpu_dmp_motion_driver.o
    0x08005144   0x08005144   0x00000070   Code   RO         4569    i.dmp_set_fifo_rate  inv_mpu_dmp_motion_driver.o
    0x080051b4   0x080051b4   0x00000130   Code   RO         4570    i.dmp_set_gyro_bias  inv_mpu_dmp_motion_driver.o
    0x080052e4   0x080052e4   0x00000138   Code   RO         4572    i.dmp_set_orientation  inv_mpu_dmp_motion_driver.o
    0x0800541c   0x0800541c   0x00000038   Code   RO         4575    i.dmp_set_shake_reject_thresh  inv_mpu_dmp_motion_driver.o
    0x08005454   0x08005454   0x00000026   Code   RO         4576    i.dmp_set_shake_reject_time  inv_mpu_dmp_motion_driver.o
    0x0800547a   0x0800547a   0x00000026   Code   RO         4577    i.dmp_set_shake_reject_timeout  inv_mpu_dmp_motion_driver.o
    0x080054a0   0x080054a0   0x00000046   Code   RO         4578    i.dmp_set_tap_axes  inv_mpu_dmp_motion_driver.o
    0x080054e6   0x080054e6   0x00000026   Code   RO         4579    i.dmp_set_tap_count  inv_mpu_dmp_motion_driver.o
    0x0800550c   0x0800550c   0x000001c0   Code   RO         4580    i.dmp_set_tap_thresh  inv_mpu_dmp_motion_driver.o
    0x080056cc   0x080056cc   0x00000026   Code   RO         4581    i.dmp_set_tap_time  inv_mpu_dmp_motion_driver.o
    0x080056f2   0x080056f2   0x00000026   Code   RO         4582    i.dmp_set_tap_time_multi  inv_mpu_dmp_motion_driver.o
    0x08005718   0x08005718   0x00000018   Code   RO         5057    i.fabs              m_wm.l(fabs.o)
    0x08005730   0x08005730   0x0000046c   Code   RO         4222    i.get_st_biases     inv_mpu.o
    0x08005b9c   0x08005b9c   0x0000000c   Code   RO         4824    i.gimbal_init       gimbal_drv.o
    0x08005ba8   0x08005ba8   0x000001d0   Code   RO         4749    i.gimbal_task_state  gimbal_ctrl.o
    0x08005d78   0x08005d78   0x00000028   Code   RO         4223    i.inv_orientation_matrix_to_scalar  inv_mpu.o
    0x08005da0   0x08005da0   0x0000004e   Code   RO         4224    i.inv_row_2_scale   inv_mpu.o
    0x08005dee   0x08005dee   0x00000002   PAD
    0x08005df0   0x08005df0   0x00000030   Code   RO         4918    i.key_init          key.o
    0x08005e20   0x08005e20   0x00000020   Code   RO         4919    i.key_update        key.o
    0x08005e40   0x08005e40   0x000000c4   Code   RO           15    i.main              main.o
    0x08005f04   0x08005f04   0x00000010   Code   RO         4955    i.menu_init         menu.o
    0x08005f14   0x08005f14   0x00000080   Code   RO         4956    i.menu_update       menu.o
    0x08005f94   0x08005f94   0x0000000e   Code   RO         4225    i.mget_ms           inv_mpu.o
    0x08005fa2   0x08005fa2   0x00000002   PAD
    0x08005fa4   0x08005fa4   0x00000070   Code   RO         4226    i.mpu_configure_fifo  inv_mpu.o
    0x08006014   0x08006014   0x00000218   Code   RO         4227    i.mpu_dmp_get_data  inv_mpu.o
    0x0800622c   0x0800622c   0x000000a0   Code   RO         4228    i.mpu_dmp_init      inv_mpu.o
    0x080062cc   0x080062cc   0x0000004c   Code   RO         4229    i.mpu_get_accel_fsr  inv_mpu.o
    0x08006318   0x08006318   0x00000054   Code   RO         4231    i.mpu_get_accel_sens  inv_mpu.o
    0x0800636c   0x0800636c   0x00000010   Code   RO         4236    i.mpu_get_fifo_config  inv_mpu.o
    0x0800637c   0x0800637c   0x00000044   Code   RO         4237    i.mpu_get_gyro_fsr  inv_mpu.o
    0x080063c0   0x080063c0   0x00000060   Code   RO         4239    i.mpu_get_gyro_sens  inv_mpu.o
    0x08006420   0x08006420   0x00000050   Code   RO         4241    i.mpu_get_lpf       inv_mpu.o
    0x08006470   0x08006470   0x00000020   Code   RO         4243    i.mpu_get_sample_rate  inv_mpu.o
    0x08006490   0x08006490   0x00000124   Code   RO         4245    i.mpu_init          inv_mpu.o
    0x080065b4   0x080065b4   0x000000b8   Code   RO         4246    i.mpu_load_firmware  inv_mpu.o
    0x0800666c   0x0800666c   0x0000011c   Code   RO         4247    i.mpu_lp_accel_mode  inv_mpu.o
    0x08006788   0x08006788   0x000000c0   Code   RO         4250    i.mpu_read_fifo_stream  inv_mpu.o
    0x08006848   0x08006848   0x00000080   Code   RO         4251    i.mpu_read_mem      inv_mpu.o
    0x080068c8   0x080068c8   0x000001c8   Code   RO         4254    i.mpu_reset_fifo    inv_mpu.o
    0x08006a90   0x08006a90   0x000000ac   Code   RO         4255    i.mpu_run_self_test  inv_mpu.o
    0x08006b3c   0x08006b3c   0x00000084   Code   RO         4257    i.mpu_set_accel_fsr  inv_mpu.o
    0x08006bc0   0x08006bc0   0x0000014c   Code   RO         4258    i.mpu_set_bypass    inv_mpu.o
    0x08006d0c   0x08006d0c   0x00000060   Code   RO         4259    i.mpu_set_compass_sample_rate  inv_mpu.o
    0x08006d6c   0x08006d6c   0x00000090   Code   RO         4260    i.mpu_set_dmp_state  inv_mpu.o
    0x08006dfc   0x08006dfc   0x00000088   Code   RO         4261    i.mpu_set_gyro_fsr  inv_mpu.o
    0x08006e84   0x08006e84   0x0000006c   Code   RO         4262    i.mpu_set_int_latched  inv_mpu.o
    0x08006ef0   0x08006ef0   0x00000084   Code   RO         4264    i.mpu_set_lpf       inv_mpu.o
    0x08006f74   0x08006f74   0x000000b4   Code   RO         4265    i.mpu_set_sample_rate  inv_mpu.o
    0x08007028   0x08007028   0x00000168   Code   RO         4266    i.mpu_set_sensors   inv_mpu.o
    0x08007190   0x08007190   0x00000080   Code   RO         4267    i.mpu_write_mem     inv_mpu.o
    0x08007210   0x08007210   0x0000015c   Code   RO         4870    i.parallel_pid_ctrl  pid_drv_1.o
    0x0800736c   0x0800736c   0x0000007c   Code   RO         4825    i.period_init       gimbal_drv.o
    0x080073e8   0x080073e8   0x00000098   Code   RO         4826    i.pid_init          gimbal_drv.o
    0x08007480   0x08007480   0x0000009a   Code   RO         4268    i.run_self_test     inv_mpu.o
    0x0800751a   0x0800751a   0x00000002   PAD
    0x0800751c   0x0800751c   0x00000090   Code   RO         4269    i.set_int_enable    inv_mpu.o
    0x080075ac   0x080075ac   0x00000238   Code   RO         4270    i.setup_compass     inv_mpu.o
    0x080077e4   0x080077e4   0x0000006e   Code   RO         5120    i.sqrt              m_wm.l(sqrt.o)
    0x08007852   0x08007852   0x00000010   Code   RO         3236    i.swap_endian_16    zhangdatou.o
    0x08007862   0x08007862   0x00000024   Code   RO         3237    i.swap_endian_32    zhangdatou.o
    0x08007886   0x08007886   0x00000002   PAD
    0x08007888   0x08007888   0x00000094   Code   RO         4750    i.target_stable     gimbal_ctrl.o
    0x0800791c   0x0800791c   0x00000018   Code   RO         5070    x$fpl$basic         fz_wm.l(basic.o)
    0x08007934   0x08007934   0x00000062   Code   RO         5005    x$fpl$d2f           fz_wm.l(d2f.o)
    0x08007996   0x08007996   0x00000002   PAD
    0x08007998   0x08007998   0x00000150   Code   RO         5007    x$fpl$dadd          fz_wm.l(daddsub_clz.o)
    0x08007ae8   0x08007ae8   0x00000018   Code   RO         5072    x$fpl$dcmpinf       fz_wm.l(dcmpi.o)
    0x08007b00   0x08007b00   0x000002b0   Code   RO         5014    x$fpl$ddiv          fz_wm.l(ddiv.o)
    0x08007db0   0x08007db0   0x00000078   Code   RO         5074    x$fpl$deqf          fz_wm.l(deqf.o)
    0x08007e28   0x08007e28   0x00000078   Code   RO         5023    x$fpl$dleqf         fz_wm.l(dleqf.o)
    0x08007ea0   0x08007ea0   0x00000154   Code   RO         5025    x$fpl$dmul          fz_wm.l(dmul.o)
    0x08007ff4   0x08007ff4   0x0000009c   Code   RO         5076    x$fpl$dnaninf       fz_wm.l(dnaninf.o)
    0x08008090   0x08008090   0x0000000c   Code   RO         5078    x$fpl$dretinf       fz_wm.l(dretinf.o)
    0x0800809c   0x0800809c   0x00000016   Code   RO         5008    x$fpl$drsb          fz_wm.l(daddsub_clz.o)
    0x080080b2   0x080080b2   0x00000002   PAD
    0x080080b4   0x080080b4   0x00000198   Code   RO         5152    x$fpl$dsqrt         fz_wm.l(dsqrt_umaal.o)
    0x0800824c   0x0800824c   0x000001d4   Code   RO         5009    x$fpl$dsub          fz_wm.l(daddsub_clz.o)
    0x08008420   0x08008420   0x00000056   Code   RO         5027    x$fpl$f2d           fz_wm.l(f2d.o)
    0x08008476   0x08008476   0x0000008c   Code   RO         5080    x$fpl$fnaninf       fz_wm.l(fnaninf.o)
    0x08008502   0x08008502   0x0000000a   Code   RO         5239    x$fpl$fpinit        fz_wm.l(fpinit.o)
    0x0800850c   0x0800850c   0x0000000a   Code   RO         5082    x$fpl$fretinf       fz_wm.l(fretinf.o)
    0x08008516   0x08008516   0x00000000   Code   RO         5084    x$fpl$usenofp       fz_wm.l(usenofp.o)
    0x08008516   0x08008516   0x00000008   Data   RO         2018    .constdata          stm32f4xx_hal_dma.o
    0x0800851e   0x0800851e   0x00000018   Data   RO         3074    .constdata          system_stm32f4xx.o
    0x08008536   0x08008536   0x00000002   PAD
    0x08008538   0x08008538   0x00000060   Data   RO         4271    .constdata          inv_mpu.o
    0x08008598   0x08008598   0x00000bf6   Data   RO         4584    .constdata          inv_mpu_dmp_motion_driver.o
    0x0800918e   0x0800918e   0x00000002   PAD
    0x08009190   0x08009190   0x00000050   Data   RO         5032    .constdata          m_wm.l(asin.o)
    0x080091e0   0x080091e0   0x00000098   Data   RO         5088    .constdata          m_wm.l(atan.o)
    0x08009278   0x08009278   0x00000008   Data   RO         5117    .constdata          m_wm.l(qnan.o)
    0x08009280   0x08009280   0x00000020   Data   RO         5297    Region$$Table       anon$$obj.o


    Execution Region RW_IRAM1 (Exec base: 0x20000000, Load base: 0x080092a0, Size: 0x000018c8, Max: 0x0001c000, ABSOLUTE)

    Exec Addr    Load Addr    Size         Type   Attr      Idx    E Section Name        Object

    0x20000000   0x080092a0   0x00000009   Data   RW         2468    .data               stm32f4xx_hal.o
    0x20000009   0x080092a9   0x00000003   PAD
    0x2000000c   0x080092ac   0x00000004   Data   RW         3075    .data               system_stm32f4xx.o
    0x20000010   0x080092b0   0x00000010   Data   RW         3156    .data               user_usart.o
    0x20000020   0x080092c0   0x00000064   Data   RW         3238    .data               zhangdatou.o
    0x20000084   0x08009324   0x00000041   Data   RW         4272    .data               inv_mpu.o
    0x200000c5   0x08009365   0x00000003   PAD
    0x200000c8   0x08009368   0x0000000b   Data   RW         4752    .data               gimbal_ctrl.o
    0x200000d3   0x08009373   0x00000001   PAD
    0x200000d4   0x08009374   0x00000010   Data   RW         4920    .data               key.o
    0x200000e4   0x08009384   0x00000002   Data   RW         4957    .data               menu.o
    0x200000e6   0x08009386   0x00000002   PAD
    0x200000e8        -       0x00000090   Zero   RW          233    .bss                tim.o
    0x20000178        -       0x00000318   Zero   RW          282    .bss                usart.o
    0x20000490        -       0x000000c0   Zero   RW         3155    .bss                user_usart.o
    0x20000550        -       0x00000ba0   Zero   RW         3458    .bss                x_v2.o
    0x200010f0        -       0x00000020   Zero   RW         4113    .bss                mpu9250_app.o
    0x20001110        -       0x00000010   Zero   RW         4583    .bss                inv_mpu_dmp_motion_driver.o
    0x20001120        -       0x00000144   Zero   RW         4751    .bss                gimbal_ctrl.o
    0x20001264        -       0x00000060   Zero   RW         5155    .bss                c_w.l(libspace.o)
    0x200012c4   0x08009386   0x00000004   PAD
    0x200012c8        -       0x00000200   Zero   RW            2    HEAP                startup_stm32f405xx.o
    0x200014c8        -       0x00000400   Zero   RW            1    STACK               startup_stm32f405xx.o


    Execution Region RW_IRAM2 (Exec base: 0x2001c000, Load base: 0x08009388, Size: 0x00000000, Max: 0x00004000, ABSOLUTE)

    **** No section assigned to this execution region ****


==============================================================================

Image component sizes


      Code (inc. data)   RO Data    RW Data    ZI Data      Debug   Object Name

       168          6          0          0          0        870   dma.o
       132         12          0          0          0       4083   gimbal_calc.o
       612         70          0         11        324       5620   gimbal_ctrl.o
       532         34          0          0          0       3383   gimbal_drv.o
       236         12          0          0          0       1031   gpio.o
      6846        200         96         65          0      33218   inv_mpu.o
      3128        138       3062          0         16      21846   inv_mpu_dmp_motion_driver.o
        80         18          0         16          0       4980   key.o
       382         22          0          0          0     648698   main.o
       144         16          0          2          0       4746   menu.o
       372          0          0          0          0       3587   mpu9250.o
       196         14          0          0         32       2679   mpu9250_app.o
       600         30          0          0          0       5198   mpuiic.o
       348          4          0          0          0       1064   pid_drv_1.o
        64         26        392          0       1536        856   startup_stm32f405xx.o
       212         36          0          9          0       9961   stm32f4xx_hal.o
       312         22          0          0          0      35067   stm32f4xx_hal_cortex.o
      1442         16          8          0          0       8389   stm32f4xx_hal_dma.o
       528         46          0          0          0       3115   stm32f4xx_hal_gpio.o
        72          4          0          0          0        886   stm32f4xx_hal_msp.o
      1820         84          0          0          0       6188   stm32f4xx_hal_rcc.o
      1252         76          0          0          0      10875   stm32f4xx_hal_tim.o
       184         30          0          0          0       2861   stm32f4xx_hal_tim_ex.o
      3604         40          0          0          0      22437   stm32f4xx_hal_uart.o
       258         84          0          0          0      11584   stm32f4xx_it.o
        20          6         24          4          0       1223   system_stm32f4xx.o
       372         30          0          0        144       2411   tim.o
       996         92          0          0        792       3686   usart.o
       120         28          0          0          0       1642   user_tim.o
       748        122          0         16        192       6803   user_usart.o
       444         24          0          0       2976      53208   x_v2.o
       814         28          0        100          0       8731   zhangdatou.o

    ----------------------------------------------------------------------
     27064       1370       3618        232       6012     930926   Object Totals
         0          0         32          0          0          0   (incl. Generated)
        26          0          4          9          0          0   (incl. Padding)

    ----------------------------------------------------------------------

      Code (inc. data)   RO Data    RW Data    ZI Data      Debug   Library Member Name

         8          0          0          0          0         68   __main.o
         0          0          0          0          0          0   __rtentry.o
        12          0          0          0          0          0   __rtentry2.o
         6          0          0          0          0          0   __rtentry4.o
        52          8          0          0          0          0   __scatter.o
        26          0          0          0          0          0   __scatter_copy.o
        28          0          0          0          0          0   __scatter_zi.o
        22          0          0          0          0        100   _rserrno.o
        16          0          0          0          0         68   aeabi_memset.o
        18          0          0          0          0         80   exit.o
         6          0          0          0          0        152   heapauxi.o
         0          0          0          0          0          0   indicate_semi.o
         2          0          0          0          0          0   libinit.o
         6          0          0          0          0          0   libinit2.o
         2          0          0          0          0          0   libshutdown.o
         2          0          0          0          0          0   libshutdown2.o
         8          4          0          0         96         68   libspace.o
        72          0          0          0          0         76   llsdiv.o
       238          0          0          0          0        100   lludivv7m.o
        88          0          0          0          0         76   memcmp.o
         8          4          0          0          0         68   rt_errno_addr_intlibspace.o
        68          0          0          0          0         68   rt_memclr.o
        78          0          0          0          0         80   rt_memclr_w.o
         2          0          0          0          0          0   rtexit.o
        10          0          0          0          0          0   rtexit2.o
        12          4          0          0          0         68   sys_exit.o
        74          0          0          0          0         80   sys_stackheap_outer.o
         2          0          0          0          0         68   use_no_semi.o
        24          0          0          0          0        164   basic.o
        98          4          0          0          0        140   d2f.o
       826         16          0          0          0        492   daddsub_clz.o
        24          0          0          0          0        116   dcmpi.o
       688        140          0          0          0        256   ddiv.o
       120          4          0          0          0        140   deqf.o
       120          4          0          0          0        140   dleqf.o
       340         12          0          0          0        152   dmul.o
       156          4          0          0          0        140   dnaninf.o
        12          0          0          0          0        116   dretinf.o
       408         56          0          0          0        168   dsqrt_umaal.o
        86          4          0          0          0        132   f2d.o
       140          4          0          0          0        132   fnaninf.o
        10          0          0          0          0        116   fpinit.o
        10          0          0          0          0        116   fretinf.o
         0          0          0          0          0          0   usenofp.o
       864         94         80          0          0        280   asin.o
       744        106        152          0          0        352   atan.o
       512         64          0          0          0        208   atan2.o
       104         16          0          0          0        496   dunder.o
        44          0          0          0          0        248   fabs.o
        48          0          0          0          0        124   fpclassify.o
       248          0          0          0          0        152   poly.o
         0          0          8          0          0          0   qnan.o
       110          0          0          0          0        148   sqrt.o

    ----------------------------------------------------------------------
      6614        548        240          0        100       5748   Library Totals
        12          0          0          0          4          0   (incl. Padding)

    ----------------------------------------------------------------------

      Code (inc. data)   RO Data    RW Data    ZI Data      Debug   Library Name

       866         20          0          0         96       1220   c_w.l
      3062        248          0          0          0       2520   fz_wm.l
      2674        280        240          0          0       2008   m_wm.l

    ----------------------------------------------------------------------
      6614        548        240          0        100       5748   Library Totals

    ----------------------------------------------------------------------

==============================================================================


      Code (inc. data)   RO Data    RW Data    ZI Data      Debug   

     33678       1918       3858        232       6112     913002   Grand Totals
     33678       1918       3858        232       6112     913002   ELF Image Totals
     33678       1918       3858        232          0          0   ROM Totals

==============================================================================

    Total RO  Size (Code + RO Data)                37536 (  36.66kB)
    Total RW  Size (RW Data + ZI Data)              6344 (   6.20kB)
    Total ROM Size (Code + RO Data + RW Data)      37768 (  36.88kB)

==============================================================================

